Archive member included because of file (symbol)

../../libCore/arduinoUno/libcore.a(wiring_analog.c.o)
                              ./main.o (analogRead)
../../libCore/arduinoUno/libcore.a(wiring.c.o)
                              ./AccelStepper.o (millis)
../../libCore/arduinoUno/libcore.a(wiring_digital.c.o)
                              ./AccelStepper.o (pinMode)
../../libCore/arduinoUno/libcore.a(WString.cpp.o)
                              ./main.o (_ZN6StringD1Ev)
../../libCore/arduinoUno/libcore.a(new.cpp.o)
                              ./LCD.o (_Znwj)
../../libCore/arduinoUno/libcore.a(Print.cpp.o)
                              ./LiquidCrystal.o (_ZN5Print5writeEPKhj)
../../libCore/arduinoUno/libcore.a(HardwareSerial.cpp.o)
                              ./main.o (Serial)
/usr/lib/gcc/avr/4.5.3/avr5/libgcc.a(_udivmodhi4.o)
                              ./SoftPWM.o (__udivmodhi4)
/usr/lib/gcc/avr/4.5.3/avr5/libgcc.a(_divmodhi4.o)
                              ../../libCore/arduinoUno/libcore.a(HardwareSerial.cpp.o) (__divmodhi4)
/usr/lib/gcc/avr/4.5.3/avr5/libgcc.a(_udivmodsi4.o)
                              ./SoftPWM.o (__udivmodsi4)
/usr/lib/gcc/avr/4.5.3/avr5/libgcc.a(_exit.o)
                              /usr/lib/gcc/avr/4.5.3/../../../avr/lib/avr5/crtm328p.o (exit)
/usr/lib/gcc/avr/4.5.3/avr5/libgcc.a(_copy_data.o)
                              ./AccelStepper.o (__do_copy_data)
/usr/lib/gcc/avr/4.5.3/avr5/libgcc.a(_clear_bss.o)
                              ./SoftPWM.o (__do_clear_bss)
/usr/lib/gcc/avr/4.5.3/avr5/libgcc.a(_ctors.o)
                              ../../libCore/arduinoUno/libcore.a(HardwareSerial.cpp.o) (__do_global_ctors)
/usr/lib/gcc/avr/4.5.3/avr5/libgcc.a(_fixunssfsi.o)
                              ./AccelStepper.o (__fixunssfsi)
/usr/lib/gcc/avr/4.5.3/avr5/libgcc.a(_addsub_sf.o)
                              ./AccelStepper.o (__addsf3)
/usr/lib/gcc/avr/4.5.3/avr5/libgcc.a(_mul_sf.o)
                              ./AccelStepper.o (__mulsf3)
/usr/lib/gcc/avr/4.5.3/avr5/libgcc.a(_div_sf.o)
                              ./AccelStepper.o (__divsf3)
/usr/lib/gcc/avr/4.5.3/avr5/libgcc.a(_eq_sf.o)
                              ./AccelStepper.o (__eqsf2)
/usr/lib/gcc/avr/4.5.3/avr5/libgcc.a(_gt_sf.o)
                              ./AccelStepper.o (__gtsf2)
/usr/lib/gcc/avr/4.5.3/avr5/libgcc.a(_ge_sf.o)
                              /usr/lib/gcc/avr/4.5.3/avr5/libgcc.a(_fixunssfsi.o) (__gesf2)
/usr/lib/gcc/avr/4.5.3/avr5/libgcc.a(_lt_sf.o)
                              ./AccelStepper.o (__ltsf2)
/usr/lib/gcc/avr/4.5.3/avr5/libgcc.a(_si_to_sf.o)
                              ./AccelStepper.o (__floatsisf)
/usr/lib/gcc/avr/4.5.3/avr5/libgcc.a(_sf_to_si.o)
                              ./main.o (__fixsfsi)
/usr/lib/gcc/avr/4.5.3/avr5/libgcc.a(_thenan_sf.o)
                              /usr/lib/gcc/avr/4.5.3/avr5/libgcc.a(_addsub_sf.o) (__thenan_sf)
/usr/lib/gcc/avr/4.5.3/avr5/libgcc.a(_usi_to_sf.o)
                              ../../libCore/arduinoUno/libcore.a(Print.cpp.o) (__floatunsisf)
/usr/lib/gcc/avr/4.5.3/avr5/libgcc.a(_prologue.o)
                              /usr/lib/gcc/avr/4.5.3/avr5/libgcc.a(_addsub_sf.o) (__prologue_saves__)
/usr/lib/gcc/avr/4.5.3/avr5/libgcc.a(_epilogue.o)
                              /usr/lib/gcc/avr/4.5.3/avr5/libgcc.a(_addsub_sf.o) (__epilogue_restores__)
/usr/lib/gcc/avr/4.5.3/avr5/libgcc.a(_tablejump.o)
                              /usr/lib/gcc/avr/4.5.3/avr5/libgcc.a(_ctors.o) (__tablejump__)
/usr/lib/gcc/avr/4.5.3/avr5/libgcc.a(_clzsi2.o)
                              /usr/lib/gcc/avr/4.5.3/avr5/libgcc.a(_si_to_sf.o) (__clzsi2)
/usr/lib/gcc/avr/4.5.3/avr5/libgcc.a(_pack_sf.o)
                              /usr/lib/gcc/avr/4.5.3/avr5/libgcc.a(_addsub_sf.o) (__pack_f)
/usr/lib/gcc/avr/4.5.3/avr5/libgcc.a(_unpack_sf.o)
                              /usr/lib/gcc/avr/4.5.3/avr5/libgcc.a(_addsub_sf.o) (__unpack_f)
/usr/lib/gcc/avr/4.5.3/avr5/libgcc.a(_fpcmp_parts_sf.o)
                              /usr/lib/gcc/avr/4.5.3/avr5/libgcc.a(_eq_sf.o) (__fpcmp_parts_f)
/usr/lib/gcc/avr/4.5.3/avr5/libgcc.a(_clz.o)
                              /usr/lib/gcc/avr/4.5.3/avr5/libgcc.a(_clzsi2.o) (__clz_tab)
/usr/lib/gcc/avr/4.5.3/../../../avr/lib/avr5/libm.a(sqrt.o)
                              ./AccelStepper.o (sqrt)
/usr/lib/gcc/avr/4.5.3/../../../avr/lib/avr5/libm.a(fp_mpack.o)
                              /usr/lib/gcc/avr/4.5.3/../../../avr/lib/avr5/libm.a(sqrt.o) (__fp_mpack)
/usr/lib/gcc/avr/4.5.3/../../../avr/lib/avr5/libm.a(fp_nan.o)
                              /usr/lib/gcc/avr/4.5.3/../../../avr/lib/avr5/libm.a(sqrt.o) (__fp_nan)
/usr/lib/gcc/avr/4.5.3/../../../avr/lib/avr5/libm.a(fp_norm2.o)
                              /usr/lib/gcc/avr/4.5.3/../../../avr/lib/avr5/libm.a(sqrt.o) (__fp_norm2)
/usr/lib/gcc/avr/4.5.3/../../../avr/lib/avr5/libm.a(fp_split3.o)
[...]
Memory Configuration

Name             Origin             Length             Attributes
text             0x00000000         0x00020000         xr
data             0x00800060         0x0000ffa0         rw !x
eeprom           0x00810000         0x00010000         rw !x
fuse             0x00820000         0x00000400         rw !x
lock             0x00830000         0x00000400         rw !x
signature        0x00840000         0x00000400         rw !x
*default*        0x00000000         0xffffffff

Linker script and memory map

Address of section .data set to 0x800100
LOAD /usr/lib/gcc/avr/4.5.3/../../../avr/lib/avr5/crtm328p.o
LOAD ./AccelStepper.o
LOAD ./DCMotor.o
LOAD ./LCD.o
LOAD ./LiquidCrystal.o
LOAD ./PDController.o
LOAD ./SoftPWM.o
LOAD ./StepperMotor.o
LOAD ./main.o
LOAD ../../libCore/arduinoUno/libcore.a
LOAD /usr/lib/gcc/avr/4.5.3/avr5/libgcc.a
LOAD /usr/lib/gcc/avr/4.5.3/../../../avr/lib/avr5/libm.a
LOAD /usr/lib/gcc/avr/4.5.3/avr5/libgcc.a
LOAD /usr/lib/gcc/avr/4.5.3/../../../avr/lib/avr5/libc.a
LOAD /usr/lib/gcc/avr/4.5.3/avr5/libgcc.a

.hash
 *(.hash)

.dynsym
 *(.dynsym)

.dynstr
 *(.dynstr)

.gnu.version
 *(.gnu.version)

.gnu.version_d
 *(.gnu.version_d)

.gnu.version_r
 *(.gnu.version_r)

.rel.init
 *(.rel.init)

.rela.init
 *(.rela.init)

.rel.text
 *(.rel.text)
 *(.rel.text.*)
 *(.rel.gnu.linkonce.t*)

.rela.text
 *(.rela.text)
 *(.rela.text.*)
 *(.rela.gnu.linkonce.t*)

.rel.fini
 *(.rel.fini)

.rela.fini
 *(.rela.fini)

.rel.rodata
 *(.rel.rodata)
 *(.rel.rodata.*)
 *(.rel.gnu.linkonce.r*)

.rela.rodata
 *(.rela.rodata)
 *(.rela.rodata.*)
 *(.rela.gnu.linkonce.r*)

.rel.data
 *(.rel.data)
 *(.rel.data.*)
 *(.rel.gnu.linkonce.d*)

.rela.data
 *(.rela.data)
 *(.rela.data.*)
 *(.rela.gnu.linkonce.d*)

.rel.ctors
 *(.rel.ctors)

.rela.ctors
 *(.rela.ctors)

.rel.dtors
 *(.rel.dtors)

.rela.dtors
 *(.rela.dtors)

.rel.got
 *(.rel.got)

.rela.got
 *(.rela.got)

.rel.bss
 *(.rel.bss)

.rela.bss
 *(.rela.bss)

.rel.plt
 *(.rel.plt)

.rela.plt
 *(.rela.plt)

.text           0x00000000     0x52c0
 *(.vectors)
 .vectors       0x00000000       0x68 /usr/lib/gcc/avr/4.5.3/../../../avr/lib/avr5/crtm328p.o
                0x00000000                __vectors
                0x00000000                __vector_default
 *(.vectors)
 *(.progmem.gcc*)
 *(.progmem*)
 .progmem.data  0x00000068       0x5a ../../libCore/arduinoUno/libcore.a(wiring_digital.c.o)
                0x00000068                port_to_mode_PGM
                0x00000072                port_to_output_PGM
                0x0000007c                port_to_input_PGM
                0x00000086                digital_pin_to_port_PGM
                0x0000009a                digital_pin_to_bit_mask_PGM
                0x000000ae                digital_pin_to_timer_PGM
                0x000000c2                . = ALIGN (0x2)
                0x000000c2                __trampolines_start = .
 *(.trampolines)
 .trampolines   0x000000c2        0x0 linker stubs
 *(.trampolines*)
                0x000000c2                __trampolines_end = .
 *(.jumptables)
 *(.jumptables*)
 *(.lowtext)
 *(.lowtext*)
                0x000000c2                __ctors_start = .
 *(.ctors)
 .ctors         0x000000c2        0x2 ../../libCore/arduinoUno/libcore.a(HardwareSerial.cpp.o)
                0x000000c4                __ctors_end = .
                0x000000c4                __dtors_start = .
 *(.dtors)
                0x000000c4                __dtors_end = .
 SORT(*)(.ctors)
 SORT(*)(.dtors)
 *(.init0)
 .init0         0x000000c4        0x0 /usr/lib/gcc/avr/4.5.3/../../../avr/lib/avr5/crtm328p.o
                0x000000c4                __init
 *(.init0)
 *(.init1)
 *(.init1)
 *(.init2)
 .init2         0x000000c4        0xc /usr/lib/gcc/avr/4.5.3/../../../avr/lib/avr5/crtm328p.o
 *(.init2)
 *(.init3)
 *(.init3)
 *(.init4)
 .init4         0x000000d0       0x16 /usr/lib/gcc/avr/4.5.3/avr5/libgcc.a(_copy_data.o)
                0x000000d0                __do_copy_data
 .init4         0x000000e6       0x10 /usr/lib/gcc/avr/4.5.3/avr5/libgcc.a(_clear_bss.o)
                0x000000e6                __do_clear_bss
 *(.init4)
 *(.init5)
 *(.init5)
 *(.init6)
 .init6         0x000000f6       0x16 /usr/lib/gcc/avr/4.5.3/avr5/libgcc.a(_ctors.o)
                0x000000f6                __do_global_ctors
 *(.init6)
 *(.init7)
 *(.init7)
 *(.init8)
 *(.init8)
 *(.init9)
 .init9         0x0000010c        0x8 /usr/lib/gcc/avr/4.5.3/../../../avr/lib/avr5/crtm328p.o
 *(.init9)
 *(.text)
 .text          0x00000114        0x4 /usr/lib/gcc/avr/4.5.3/../../../avr/lib/avr5/crtm328p.o
                0x00000114                __vector_22
                0x00000114                __vector_1
                0x00000114                __vector_24
                0x00000114                __vector_12
                0x00000114                __bad_interrupt
                0x00000114                __vector_6
                0x00000114                __vector_3
                0x00000114                __vector_23
                0x00000114                __vector_25
                0x00000114                __vector_13
                0x00000114                __vector_17
                0x00000114                __vector_5
                0x00000114                __vector_4
                0x00000114                __vector_9
                0x00000114                __vector_2
                0x00000114                __vector_21
                0x00000114                __vector_15
                0x00000114                __vector_8
                0x00000114                __vector_14
                0x00000114                __vector_10
                0x00000114                __vector_20
 .text          0x00000118      0x78c ./AccelStepper.o
                0x00000118                _ZN12AccelStepper4stepEh
                0x00000172                _ZN12AccelStepper5step0Ev
                0x000001a0                _ZN12AccelStepper5step4Eh
                0x00000218                _ZN12AccelStepper5step2Eh
                0x00000260                _ZN12AccelStepper5step1Eh
                0x000002aa                _ZN12AccelStepper12desiredSpeedEv
                0x000004c0                _ZN12AccelStepper8runSpeedEv
                0x00000588                _ZN12AccelStepper12distanceToGoEv
                0x000005a8                _ZN12AccelStepper14targetPositionEv
                0x000005b4                _ZN12AccelStepper15currentPositionEv
                0x000005c0                _ZN12AccelStepper18setCurrentPositionEl
                0x000005cc                _ZN12AccelStepperC2EPFvvES1_
                0x000005cc                _ZN12AccelStepperC1EPFvvES1_
                0x00000630                _ZN12AccelStepper8setSpeedEf
                0x000006a2                _ZN12AccelStepper15computeNewSpeedEv
                0x000006c4                _ZN12AccelStepper15setAccelerationEf
                0x000006d4                _ZN12AccelStepper11setMaxSpeedEf
                0x000006e4                _ZN12AccelStepper3runEv
                0x00000722                _ZN12AccelStepper6moveToEl
                0x00000732                _ZN12AccelStepper4moveEl
                0x0000075a                _ZN12AccelStepper5speedEv
                0x0000076e                _ZN12AccelStepper14disableOutputsEv
                0x000007a6                _ZN12AccelStepper13enableOutputsEv
                0x000007de                _ZN12AccelStepperC1Ehhhhh
                0x000007de                _ZN12AccelStepperC2Ehhhhh
                0x00000848                _ZN12AccelStepper13runToPositionEv
                0x0000085e                _ZN12AccelStepper18runSpeedToPositionEv
                0x00000886                _ZN12AccelStepper16runToNewPositionEl
 .text          0x000008a4       0x24 ./DCMotor.o
                0x000008a4                _ZN7DCMotorC1Ei
                0x000008a4                _ZN7DCMotorC2Ei
                0x000008b4                _ZN7DCMotor13setMotorspeedEi
                0x000008c0                _Z12DCMotor_intiv
 .text          0x000008c8      0x17e ./LCD.o
                0x000008c8                _ZN3LCDC2Ehhhhhhhh
                0x000008c8                _ZN3LCDC1Ehhhhhhhh
                0x00000940                _ZN3LCD5traceE6String
                0x00000974                _ZN3LCD9updateLCDEiiii
 .text          0x00000a46      0x67c ./LiquidCrystal.o
                0x00000a46                _ZN13LiquidCrystal11pulseEnableEv
                0x00000a82                _ZN13LiquidCrystal10write4bitsEh
                0x00000af0                _ZN13LiquidCrystal10write8bitsEh
                0x00000b5e                _ZN13LiquidCrystal4sendEhh
                0x00000bb2                _ZN13LiquidCrystal5writeEh
                0x00000bbe                _ZN13LiquidCrystal7commandEh
                0x00000bc6                _ZN13LiquidCrystal10createCharEhPh
                0x00000c32                _ZN13LiquidCrystal12noAutoscrollEv
                0x00000c42                _ZN13LiquidCrystal10autoscrollEv
                0x00000c54                _ZN13LiquidCrystal11rightToLeftEv
                0x00000c64                _ZN13LiquidCrystal11leftToRightEv
                0x00000c76                _ZN13LiquidCrystal18scrollDisplayRightEv
                0x00000c7e                _ZN13LiquidCrystal17scrollDisplayLeftEv
                0x00000c86                _ZN13LiquidCrystal5blinkEv
                0x00000c98                _ZN13LiquidCrystal7noBlinkEv
                0x00000ca8                _ZN13LiquidCrystal6cursorEv
                0x00000cba                _ZN13LiquidCrystal8noCursorEv
                0x00000cca                _ZN13LiquidCrystal7displayEv
                0x00000cdc                _ZN13LiquidCrystal9noDisplayEv
                0x00000cec                _ZN13LiquidCrystal9setCursorEhh
                0x00000d48                _ZN13LiquidCrystal4homeEv
                0x00000d58                _ZN13LiquidCrystal5clearEv
                0x00000d68                _ZN13LiquidCrystal5beginEhhh
                0x00000e46                _ZN13LiquidCrystal4initEhhhhhhhhhhhh
                0x00000ed4                _ZN13LiquidCrystalC2Ehhhhhh
                0x00000ed4                _ZN13LiquidCrystalC1Ehhhhhh
                0x00000f3a                _ZN13LiquidCrystalC1Ehhhhhhh
                0x00000f3a                _ZN13LiquidCrystalC2Ehhhhhhh
                0x00000fae                _ZN13LiquidCrystalC1Ehhhhhhhhhh
                0x00000fae                _ZN13LiquidCrystalC2Ehhhhhhhhhh
                0x0000103c                _ZN13LiquidCrystalC1Ehhhhhhhhhhh
                0x0000103c                _ZN13LiquidCrystalC2Ehhhhhhhhhhh
 .text          0x000010c2      0x258 ./PDController.o
                0x000010c2                _ZN12PDControllerC1Ev
                0x000010c2                _ZN12PDControllerC2Ev
                0x000010ce                _ZN12PDController7computeEd
                0x000011c6                _ZN12PDController10setTuningsEdd
                0x00001242                _ZN12PDController15setOutputLimitsEdd
                0x000012e0                _Z17PDController_initv
 .text          0x0000131a      0x394 ./SoftPWM.o
                0x0000131a                __vector_7
                0x00001428                _Z12SoftPWMBeginh
                0x00001466                _Z18SoftPWMSetPolarityah
                0x00001490                _Z10SoftPWMSetahh
                0x0000155e                _Z17SoftPWMSetPercentahh
                0x0000157a                _Z10SoftPWMEnda
                0x000015c0                _Z18SoftPWMSetFadeTimeajj
 .text          0x000016ae       0x80 ./StepperMotor.o
                0x000016ae                _ZN12StepperMotorC1Ehhhhh
                0x000016ae                _ZN12StepperMotorC2Ehhhhh
                0x000016ce                _ZN12StepperMotor12advanceFrameEi
                0x0000170c                _ZN12StepperMotor12reverseFrameEi
 .text          0x0000172e      0x456 ./main.o
                0x0000172e                setup
                0x00001978                __vector_11
                0x00001aaa                _Z10setFilmPosv
                0x00001b0a                _Z13emergencyStopv
                0x00001b0c                main
 .text          0x00001b84        0x0 ../../libCore/arduinoUno/libcore.a(wiring_analog.c.o)
 .text          0x00001b84        0x0 ../../libCore/arduinoUno/libcore.a(wiring.c.o)
 .text          0x00001b84        0x0 ../../libCore/arduinoUno/libcore.a(wiring_digital.c.o)
 .text          0x00001b84        0x0 ../../libCore/arduinoUno/libcore.a(WString.cpp.o)
 .text          0x00001b84        0x0 ../../libCore/arduinoUno/libcore.a(new.cpp.o)
 .text          0x00001b84        0x0 ../../libCore/arduinoUno/libcore.a(Print.cpp.o)
 .text          0x00001b84        0x0 ../../libCore/arduinoUno/libcore.a(HardwareSerial.cpp.o)
 .text          0x00001b84        0x0 /usr/lib/gcc/avr/4.5.3/avr5/libgcc.a(_udivmodhi4.o)
 .text          0x00001b84        0x0 /usr/lib/gcc/avr/4.5.3/avr5/libgcc.a(_divmodhi4.o)
 .text          0x00001b84        0x0 /usr/lib/gcc/avr/4.5.3/avr5/libgcc.a(_udivmodsi4.o)
 .text          0x00001b84        0x0 /usr/lib/gcc/avr/4.5.3/avr5/libgcc.a(_exit.o)
 .text          0x00001b84        0x0 /usr/lib/gcc/avr/4.5.3/avr5/libgcc.a(_copy_data.o)
 .text          0x00001b84        0x0 /usr/lib/gcc/avr/4.5.3/avr5/libgcc.a(_clear_bss.o)
 .text          0x00001b84        0x0 /usr/lib/gcc/avr/4.5.3/avr5/libgcc.a(_ctors.o)
 .text          0x00001b84       0x58 /usr/lib/gcc/avr/4.5.3/avr5/libgcc.a(_fixunssfsi.o)
                0x00001b84                __fixunssfsi
 .text          0x00001bdc      0x350 /usr/lib/gcc/avr/4.5.3/avr5/libgcc.a(_addsub_sf.o)
                0x00001e70                __addsf3
                0x00001eca                __subsf3
 .text          0x00001f2c      0x1f4 /usr/lib/gcc/avr/4.5.3/avr5/libgcc.a(_mul_sf.o)
                0x00001f2c                __mulsf3
 .text          0x00002120      0x15c /usr/lib/gcc/avr/4.5.3/avr5/libgcc.a(_div_sf.o)
                0x00002120                __divsf3
 .text          0x0000227c       0x60 /usr/lib/gcc/avr/4.5.3/avr5/libgcc.a(_eq_sf.o)
                0x0000227c                __eqsf2
 .text          0x000022dc       0x60 /usr/lib/gcc/avr/4.5.3/avr5/libgcc.a(_gt_sf.o)
                0x000022dc                __gtsf2
 .text          0x0000233c       0x60 /usr/lib/gcc/avr/4.5.3/avr5/libgcc.a(_ge_sf.o)
                0x0000233c                __gesf2
 .text          0x0000239c       0x60 /usr/lib/gcc/avr/4.5.3/avr5/libgcc.a(_lt_sf.o)
                0x0000239c                __ltsf2
 .text          0x000023fc       0xc0 /usr/lib/gcc/avr/4.5.3/avr5/libgcc.a(_si_to_sf.o)
                0x000023fc                __floatsisf
 .text          0x000024bc       0xa4 /usr/lib/gcc/avr/4.5.3/avr5/libgcc.a(_sf_to_si.o)
                0x000024bc                __fixsfsi
 .text          0x00002560        0x0 /usr/lib/gcc/avr/4.5.3/avr5/libgcc.a(_thenan_sf.o)
 .text          0x00002560       0xf0 /usr/lib/gcc/avr/4.5.3/avr5/libgcc.a(_usi_to_sf.o)
                0x00002560                __floatunsisf
 .text          0x00002650        0x0 /usr/lib/gcc/avr/4.5.3/avr5/libgcc.a(_prologue.o)
 .text          0x00002650        0x0 /usr/lib/gcc/avr/4.5.3/avr5/libgcc.a(_epilogue.o)
 .text          0x00002650        0x0 /usr/lib/gcc/avr/4.5.3/avr5/libgcc.a(_tablejump.o)
 .text          0x00002650       0xb4 /usr/lib/gcc/avr/4.5.3/avr5/libgcc.a(_clzsi2.o)
                0x00002650                __clzsi2
 .text          0x00002704      0x19c /usr/lib/gcc/avr/4.5.3/avr5/libgcc.a(_pack_sf.o)
                0x00002704                __pack_f
 .text          0x000028a0       0xd2 /usr/lib/gcc/avr/4.5.3/avr5/libgcc.a(_unpack_sf.o)
                0x000028a0                __unpack_f
 .text          0x00002972       0xb2 /usr/lib/gcc/avr/4.5.3/avr5/libgcc.a(_fpcmp_parts_sf.o)
                0x00002972                __fpcmp_parts_f
 .text          0x00002a24        0x0 /usr/lib/gcc/avr/4.5.3/avr5/libgcc.a(_clz.o)
 .text          0x00002a24        0x0 /usr/lib/gcc/avr/4.5.3/../../../avr/lib/avr5/libm.a(sqrt.o)
 .text          0x00002a24        0x0 /usr/lib/gcc/avr/4.5.3/../../../avr/lib/avr5/libm.a(fp_mpack.o)
 .text          0x00002a24        0x0 /usr/lib/gcc/avr/4.5.3/../../../avr/lib/avr5/libm.a(fp_nan.o)
 .text          0x00002a24        0x0 /usr/lib/gcc/avr/4.5.3/../../../avr/lib/avr5/libm.a(fp_norm2.o)
 .text          0x00002a24        0x0 /usr/lib/gcc/avr/4.5.3/../../../avr/lib/avr5/libm.a(fp_split3.o)
 .text          0x00002a24        0x0 /usr/lib/gcc/avr/4.5.3/../../../avr/lib/avr5/libc.a(malloc.o)
 .text          0x00002a24        0x0 /usr/lib/gcc/avr/4.5.3/../../../avr/lib/avr5/libc.a(realloc.o)
 .text          0x00002a24        0x0 /usr/lib/gcc/avr/4.5.3/../../../avr/lib/avr5/libc.a(atol.o)
 .text          0x00002a24        0x0 /usr/lib/gcc/avr/4.5.3/../../../avr/lib/avr5/libc.a(isspace.o)
 .text          0x00002a24        0x0 /usr/lib/gcc/avr/4.5.3/../../../avr/lib/avr5/libc.a(tolower.o)
 .text          0x00002a24        0x0 /usr/lib/gcc/avr/4.5.3/../../../avr/lib/avr5/libc.a(toupper.o)
 .text          0x00002a24        0x0 /usr/lib/gcc/avr/4.5.3/../../../avr/lib/avr5/libc.a(memcpy.o)
 .text          0x00002a24        0x0 /usr/lib/gcc/avr/4.5.3/../../../avr/lib/avr5/libc.a(memmove.o)
 .text          0x00002a24        0x0 /usr/lib/gcc/avr/4.5.3/../../../avr/lib/avr5/libc.a(strchr.o)
 .text          0x00002a24        0x0 /usr/lib/gcc/avr/4.5.3/../../../avr/lib/avr5/libc.a(strcmp.o)
 .text          0x00002a24        0x0 /usr/lib/gcc/avr/4.5.3/../../../avr/lib/avr5/libc.a(strcpy.o)
 .text          0x00002a24        0x0 /usr/lib/gcc/avr/4.5.3/../../../avr/lib/avr5/libc.a(strncmp.o)
 .text          0x00002a24        0x0 /usr/lib/gcc/avr/4.5.3/../../../avr/lib/avr5/libc.a(strncpy.o)
 .text          0x00002a24        0x0 /usr/lib/gcc/avr/4.5.3/../../../avr/lib/avr5/libc.a(strrchr.o)
 .text          0x00002a24        0x0 /usr/lib/gcc/avr/4.5.3/../../../avr/lib/avr5/libc.a(strstr.o)
 .text          0x00002a24        0x0 /usr/lib/gcc/avr/4.5.3/../../../avr/lib/avr5/libc.a(itoa.o)
 .text          0x00002a24        0x0 /usr/lib/gcc/avr/4.5.3/../../../avr/lib/avr5/libc.a(ltoa.o)
 .text          0x00002a24        0x0 /usr/lib/gcc/avr/4.5.3/../../../avr/lib/avr5/libc.a(mulsi10.o)
 .text          0x00002a24        0x0 /usr/lib/gcc/avr/4.5.3/../../../avr/lib/avr5/libc.a(ultoa.o)
 .text          0x00002a24        0x0 /usr/lib/gcc/avr/4.5.3/../../../avr/lib/avr5/libc.a(utoa.o)
 .text          0x00002a24        0x0 /usr/lib/gcc/avr/4.5.3/../../../avr/lib/avr5/libc.a(cty_isfalse.o)
 .text          0x00002a24        0x0 /usr/lib/gcc/avr/4.5.3/../../../avr/lib/avr5/libc.a(strrev.o)
                0x00002a24                . = ALIGN (0x2)
 *(.text.*)
 .text.analogReference
                0x00002a24        0x6 ../../libCore/arduinoUno/libcore.a(wiring_analog.c.o)
                0x00002a24                analogReference
 .text.analogRead
                0x00002a2a       0x42 ../../libCore/arduinoUno/libcore.a(wiring_analog.c.o)
                0x00002a2a                analogRead
 .text.analogWrite
                0x00002a6c       0xc0 ../../libCore/arduinoUno/libcore.a(wiring_analog.c.o)
                0x00002a6c                analogWrite
 .text.__vector_16
                0x00002b2c       0x90 ../../libCore/arduinoUno/libcore.a(wiring.c.o)
                0x00002b2c                __vector_16
 .text.millis   0x00002bbc       0x1c ../../libCore/arduinoUno/libcore.a(wiring.c.o)
                0x00002bbc                millis
 .text.micros   0x00002bd8       0x4c ../../libCore/arduinoUno/libcore.a(wiring.c.o)
                0x00002bd8                micros
 .text.delay    0x00002c24       0x4e ../../libCore/arduinoUno/libcore.a(wiring.c.o)
                0x00002c24                delay
 .text.delayMicroseconds
                0x00002c72       0x14 ../../libCore/arduinoUno/libcore.a(wiring.c.o)
                0x00002c72                delayMicroseconds
 .text.init     0x00002c86       0x76 ../../libCore/arduinoUno/libcore.a(wiring.c.o)
                0x00002c86                init
 .text.turnOffPWM
                0x00002cfc       0x5a ../../libCore/arduinoUno/libcore.a(wiring_digital.c.o)
 .text.pinMode  0x00002d56       0x48 ../../libCore/arduinoUno/libcore.a(wiring_digital.c.o)
                0x00002d56                pinMode
 .text.digitalWrite
                0x00002d9e       0x70 ../../libCore/arduinoUno/libcore.a(wiring_digital.c.o)
                0x00002d9e                digitalWrite
 .text.digitalRead
                0x00002e0e       0x54 ../../libCore/arduinoUno/libcore.a(wiring_digital.c.o)
                0x00002e0e                digitalRead
 .text._ZN6StringD2Ev
                0x00002e62        0xc ../../libCore/arduinoUno/libcore.a(WString.cpp.o)
                0x00002e62                _ZN6StringD1Ev
                0x00002e62                _ZN6StringD2Ev
 .text._ZN6String10invalidateEv
                0x00002e6e       0x24 ../../libCore/arduinoUno/libcore.a(WString.cpp.o)
                0x00002e6e                _ZN6String10invalidateEv
 .text._ZN6String12changeBufferEj
                0x00002e92       0x34 ../../libCore/arduinoUno/libcore.a(WString.cpp.o)
                0x00002e92                _ZN6String12changeBufferEj
 .text._ZN6String7reserveEj
                0x00002ec6       0x3e ../../libCore/arduinoUno/libcore.a(WString.cpp.o)
                0x00002ec6                _ZN6String7reserveEj
 .text._ZN6String4copyEPKcj
                0x00002f04       0x42 ../../libCore/arduinoUno/libcore.a(WString.cpp.o)
                0x00002f04                _ZN6String4copyEPKcj
 .text._ZN6StringC2EPKc
                0x00002f46       0x36 ../../libCore/arduinoUno/libcore.a(WString.cpp.o)
                0x00002f46                _ZN6StringC1EPKc
                0x00002f46                _ZN6StringC2EPKc
 .text._ZN6StringaSERKS_
                0x00002f7c       0x36 ../../libCore/arduinoUno/libcore.a(WString.cpp.o)
                0x00002f7c                _ZN6StringaSERKS_
 .text._ZN6StringC2ERKS_
                0x00002fb2       0x16 ../../libCore/arduinoUno/libcore.a(WString.cpp.o)
                0x00002fb2                _ZN6StringC1ERKS_
                0x00002fb2                _ZN6StringC2ERKS_
 .text._ZN6StringaSEPKc
                0x00002fc8       0x30 ../../libCore/arduinoUno/libcore.a(WString.cpp.o)
                0x00002fc8                _ZN6StringaSEPKc
 .text._ZN6StringC2Emh
                0x00002ff8       0x62 ../../libCore/arduinoUno/libcore.a(WString.cpp.o)
                0x00002ff8                _ZN6StringC2Emh
                0x00002ff8                _ZN6StringC1Emh
 .text._ZN6StringC2Elh
                0x0000305a       0x62 ../../libCore/arduinoUno/libcore.a(WString.cpp.o)
                0x0000305a                _ZN6StringC1Elh
                0x0000305a                _ZN6StringC2Elh
 .text._ZN6StringC2Ejh
                0x000030bc       0x60 ../../libCore/arduinoUno/libcore.a(WString.cpp.o)
                0x000030bc                _ZN6StringC2Ejh
                0x000030bc                _ZN6StringC1Ejh
 .text._ZN6StringC2Eih
                0x0000311c       0x60 ../../libCore/arduinoUno/libcore.a(WString.cpp.o)
                0x0000311c                _ZN6StringC1Eih
                0x0000311c                _ZN6StringC2Eih
 .text._ZN6StringC2Ehh
                0x0000317c       0x62 ../../libCore/arduinoUno/libcore.a(WString.cpp.o)
                0x0000317c                _ZN6StringC1Ehh
                0x0000317c                _ZN6StringC2Ehh
 .text._ZN6StringC2Ec
                0x000031de       0x32 ../../libCore/arduinoUno/libcore.a(WString.cpp.o)
                0x000031de                _ZN6StringC2Ec
                0x000031de                _ZN6StringC1Ec
 .text._ZN6String6concatEPKcj
                0x00003210       0x58 ../../libCore/arduinoUno/libcore.a(WString.cpp.o)
                0x00003210                _ZN6String6concatEPKcj
 .text._ZN6String6concatERKS_
                0x00003268       0x10 ../../libCore/arduinoUno/libcore.a(WString.cpp.o)
                0x00003268                _ZN6String6concatERKS_
 .text._ZN6String6concatEPKc
                0x00003278       0x22 ../../libCore/arduinoUno/libcore.a(WString.cpp.o)
                0x00003278                _ZN6String6concatEPKc
 .text._ZN6String6concatEc
                0x0000329a       0x26 ../../libCore/arduinoUno/libcore.a(WString.cpp.o)
                0x0000329a                _ZN6String6concatEc
 .text._ZN6String6concatEh
                0x000032c0       0x5a ../../libCore/arduinoUno/libcore.a(WString.cpp.o)
                0x000032c0                _ZN6String6concatEh
 .text._ZN6String6concatEi
                0x0000331a       0x64 ../../libCore/arduinoUno/libcore.a(WString.cpp.o)
                0x0000331a                _ZN6String6concatEi
 .text._ZN6String6concatEj
                0x0000337e       0x5e ../../libCore/arduinoUno/libcore.a(WString.cpp.o)
                0x0000337e                _ZN6String6concatEj
 .text._ZN6String6concatEl
                0x000033dc       0x66 ../../libCore/arduinoUno/libcore.a(WString.cpp.o)
                0x000033dc                _ZN6String6concatEl
 .text._ZN6String6concatEm
                0x00003442       0x66 ../../libCore/arduinoUno/libcore.a(WString.cpp.o)
                0x00003442                _ZN6String6concatEm
 .text._ZplRK15StringSumHelperRK6String
                0x000034a8       0x26 ../../libCore/arduinoUno/libcore.a(WString.cpp.o)
                0x000034a8                _ZplRK15StringSumHelperRK6String
 .text._ZplRK15StringSumHelperPKc
                0x000034ce       0x34 ../../libCore/arduinoUno/libcore.a(WString.cpp.o)
                0x000034ce                _ZplRK15StringSumHelperPKc
 .text._ZplRK15StringSumHelperc
                0x00003502       0x1c ../../libCore/arduinoUno/libcore.a(WString.cpp.o)
                0x00003502                _ZplRK15StringSumHelperc
 .text._ZplRK15StringSumHelperh
                0x0000351e       0x1c ../../libCore/arduinoUno/libcore.a(WString.cpp.o)
                0x0000351e                _ZplRK15StringSumHelperh
 .text._ZplRK15StringSumHelperi
                0x0000353a       0x1c ../../libCore/arduinoUno/libcore.a(WString.cpp.o)
                0x0000353a                _ZplRK15StringSumHelperi
 .text._ZplRK15StringSumHelperj
                0x00003556       0x1c ../../libCore/arduinoUno/libcore.a(WString.cpp.o)
                0x00003556                _ZplRK15StringSumHelperj
 .text._ZplRK15StringSumHelperl
                0x00003572       0x1c ../../libCore/arduinoUno/libcore.a(WString.cpp.o)
                0x00003572                _ZplRK15StringSumHelperl
 .text._ZplRK15StringSumHelperm
                0x0000358e       0x1c ../../libCore/arduinoUno/libcore.a(WString.cpp.o)
                0x0000358e                _ZplRK15StringSumHelperm
 .text._ZNK6String9compareToERKS_
                0x000035aa       0x6c ../../libCore/arduinoUno/libcore.a(WString.cpp.o)
                0x000035aa                _ZNK6String9compareToERKS_
 .text._ZNK6String6equalsERKS_
                0x00003616       0x22 ../../libCore/arduinoUno/libcore.a(WString.cpp.o)
                0x00003616                _ZNK6String6equalsERKS_
 .text._ZNK6String6equalsEPKc
                0x00003638       0x46 ../../libCore/arduinoUno/libcore.a(WString.cpp.o)
                0x00003638                _ZNK6String6equalsEPKc
 .text._ZNK6StringltERKS_
                0x0000367e        0xe ../../libCore/arduinoUno/libcore.a(WString.cpp.o)
                0x0000367e                _ZNK6StringltERKS_
 .text._ZNK6StringgtERKS_
                0x0000368c       0x12 ../../libCore/arduinoUno/libcore.a(WString.cpp.o)
                0x0000368c                _ZNK6StringgtERKS_
 .text._ZNK6StringleERKS_
                0x0000369e       0x12 ../../libCore/arduinoUno/libcore.a(WString.cpp.o)
                0x0000369e                _ZNK6StringleERKS_
 .text._ZNK6StringgeERKS_
                0x000036b0       0x10 ../../libCore/arduinoUno/libcore.a(WString.cpp.o)
                0x000036b0                _ZNK6StringgeERKS_
 .text._ZNK6String16equalsIgnoreCaseERKS_
                0x000036c0       0x74 ../../libCore/arduinoUno/libcore.a(WString.cpp.o)
                0x000036c0                _ZNK6String16equalsIgnoreCaseERKS_
 .text._ZNK6String10startsWithERKS_j
                0x00003734       0x4c ../../libCore/arduinoUno/libcore.a(WString.cpp.o)
                0x00003734                _ZNK6String10startsWithERKS_j
 .text._ZNK6String10startsWithERKS_
                0x00003780       0x20 ../../libCore/arduinoUno/libcore.a(WString.cpp.o)
                0x00003780                _ZNK6String10startsWithERKS_
 .text._ZNK6String8endsWithERKS_
                0x000037a0       0x4a ../../libCore/arduinoUno/libcore.a(WString.cpp.o)
                0x000037a0                _ZNK6String8endsWithERKS_
 .text._ZN6String9setCharAtEjc
                0x000037ea       0x1a ../../libCore/arduinoUno/libcore.a(WString.cpp.o)
                0x000037ea                _ZN6String9setCharAtEjc
 .text._ZN6StringixEj
                0x00003804       0x26 ../../libCore/arduinoUno/libcore.a(WString.cpp.o)
                0x00003804                _ZN6StringixEj
 .text._ZNK6StringixEj
                0x0000382a       0x26 ../../libCore/arduinoUno/libcore.a(WString.cpp.o)
                0x0000382a                _ZNK6StringixEj
 .text._ZNK6String6charAtEj
                0x00003850        0x6 ../../libCore/arduinoUno/libcore.a(WString.cpp.o)
                0x00003850                _ZNK6String6charAtEj
 .text._ZNK6String8getBytesEPhjj
                0x00003856       0x58 ../../libCore/arduinoUno/libcore.a(WString.cpp.o)
                0x00003856                _ZNK6String8getBytesEPhjj
 .text._ZNK6String7indexOfEcj
                0x000038ae       0x3c ../../libCore/arduinoUno/libcore.a(WString.cpp.o)
                0x000038ae                _ZNK6String7indexOfEcj
 .text._ZNK6String7indexOfEc
                0x000038ea        0xa ../../libCore/arduinoUno/libcore.a(WString.cpp.o)
                0x000038ea                _ZNK6String7indexOfEc
 .text._ZNK6String7indexOfERKS_j
                0x000038f4       0x3c ../../libCore/arduinoUno/libcore.a(WString.cpp.o)
                0x000038f4                _ZNK6String7indexOfERKS_j
 .text._ZNK6String7indexOfERKS_
                0x00003930        0xa ../../libCore/arduinoUno/libcore.a(WString.cpp.o)
                0x00003930                _ZNK6String7indexOfERKS_
 .text._ZNK6String11lastIndexOfEcj
                0x0000393a       0x6e ../../libCore/arduinoUno/libcore.a(WString.cpp.o)
                0x0000393a                _ZNK6String11lastIndexOfEcj
 .text._ZNK6String11lastIndexOfEc
                0x000039a8       0x10 ../../libCore/arduinoUno/libcore.a(WString.cpp.o)
                0x000039a8                _ZNK6String11lastIndexOfEc
 .text._ZNK6String11lastIndexOfERKS_j
                0x000039b8       0x9a ../../libCore/arduinoUno/libcore.a(WString.cpp.o)
                0x000039b8                _ZNK6String11lastIndexOfERKS_j
 .text._ZNK6String11lastIndexOfERKS_
                0x00003a52       0x16 ../../libCore/arduinoUno/libcore.a(WString.cpp.o)
                0x00003a52                _ZNK6String11lastIndexOfERKS_
 .text._ZNK6String9substringEjj
                0x00003a68       0xa2 ../../libCore/arduinoUno/libcore.a(WString.cpp.o)
                0x00003a68                _ZNK6String9substringEjj
 .text._ZNK6String9substringEj
                0x00003b0a       0x18 ../../libCore/arduinoUno/libcore.a(WString.cpp.o)
                0x00003b0a                _ZNK6String9substringEj
 .text._ZN6String7replaceEcc
                0x00003b22       0x1e ../../libCore/arduinoUno/libcore.a(WString.cpp.o)
                0x00003b22                _ZN6String7replaceEcc
 .text._ZN6String7replaceERKS_S1_
                0x00003b40      0x214 ../../libCore/arduinoUno/libcore.a(WString.cpp.o)
                0x00003b40                _ZN6String7replaceERKS_S1_
 .text._ZN6String11toLowerCaseEv
                0x00003d54       0x28 ../../libCore/arduinoUno/libcore.a(WString.cpp.o)
                0x00003d54                _ZN6String11toLowerCaseEv
 .text._ZN6String11toUpperCaseEv
                0x00003d7c       0x28 ../../libCore/arduinoUno/libcore.a(WString.cpp.o)
                0x00003d7c                _ZN6String11toUpperCaseEv
 .text._ZN6String4trimEv
                0x00003da4       0xc2 ../../libCore/arduinoUno/libcore.a(WString.cpp.o)
                0x00003da4                _ZN6String4trimEv
 .text._ZNK6String5toIntEv
                0x00003e66       0x20 ../../libCore/arduinoUno/libcore.a(WString.cpp.o)
                0x00003e66                _ZNK6String5toIntEv
 .text._Znwj    0x00003e86        0x6 ../../libCore/arduinoUno/libcore.a(new.cpp.o)
                0x00003e86                _Znwj
 .text._ZdlPv   0x00003e8c        0x6 ../../libCore/arduinoUno/libcore.a(new.cpp.o)
                0x00003e8c                _ZdlPv
 .text.__cxa_guard_acquire
                0x00003e92       0x14 ../../libCore/arduinoUno/libcore.a(new.cpp.o)
                0x00003e92                __cxa_guard_acquire
 .text.__cxa_guard_release
                0x00003ea6        0x8 ../../libCore/arduinoUno/libcore.a(new.cpp.o)
                0x00003ea6                __cxa_guard_release
 .text.__cxa_guard_abort
                0x00003eae        0x2 ../../libCore/arduinoUno/libcore.a(new.cpp.o)
                0x00003eae                __cxa_guard_abort
 .text.__cxa_pure_virtual
                0x00003eb0        0x2 ../../libCore/arduinoUno/libcore.a(new.cpp.o)
                0x00003eb0                __cxa_pure_virtual
 .text._ZN5Print5writeEPKhj
                0x00003eb2       0x54 ../../libCore/arduinoUno/libcore.a(Print.cpp.o)
                0x00003eb2                _ZN5Print5writeEPKhj
 .text._ZN5Print5writeEPKc
                0x00003f06       0x22 ../../libCore/arduinoUno/libcore.a(Print.cpp.o)
                0x00003f06                _ZN5Print5writeEPKc
 .text._ZN5Print5printEPK19__FlashStringHelper
                0x00003f28       0x46 ../../libCore/arduinoUno/libcore.a(Print.cpp.o)
                0x00003f28                _ZN5Print5printEPK19__FlashStringHelper
 .text._ZN5Print5printERK6String
                0x00003f6e       0x66 ../../libCore/arduinoUno/libcore.a(Print.cpp.o)
                0x00003f6e                _ZN5Print5printERK6String
 .text._ZN5Print5printEPKc
                0x00003fd4        0x6 ../../libCore/arduinoUno/libcore.a(Print.cpp.o)
                0x00003fd4                _ZN5Print5printEPKc
 .text._ZN5Print5printEc
                0x00003fda       0x10 ../../libCore/arduinoUno/libcore.a(Print.cpp.o)
                0x00003fda                _ZN5Print5printEc
 .text._ZN5Print5printERK9Printable
                0x00003fea       0x16 ../../libCore/arduinoUno/libcore.a(Print.cpp.o)
                0x00003fea                _ZN5Print5printERK9Printable
 .text._ZN5Print7printlnEv
                0x00004000       0x2a ../../libCore/arduinoUno/libcore.a(Print.cpp.o)
                0x00004000                _ZN5Print7printlnEv
 .text._ZN5Print7printlnEPK19__FlashStringHelper
                0x0000402a       0x26 ../../libCore/arduinoUno/libcore.a(Print.cpp.o)
                0x0000402a                _ZN5Print7printlnEPK19__FlashStringHelper
 .text._ZN5Print7printlnERK6String
                0x00004050       0x26 ../../libCore/arduinoUno/libcore.a(Print.cpp.o)
                0x00004050                _ZN5Print7printlnERK6String
 .text._ZN5Print7printlnEPKc
                0x00004076       0x26 ../../libCore/arduinoUno/libcore.a(Print.cpp.o)
                0x00004076                _ZN5Print7printlnEPKc
 .text._ZN5Print7printlnEc
                0x0000409c       0x26 ../../libCore/arduinoUno/libcore.a(Print.cpp.o)
                0x0000409c                _ZN5Print7printlnEc
 .text._ZN5Print7printlnERK9Printable
                0x000040c2       0x26 ../../libCore/arduinoUno/libcore.a(Print.cpp.o)
                0x000040c2                _ZN5Print7printlnERK9Printable
 .text._ZN5Print11printNumberEmh
                0x000040e8       0xb4 ../../libCore/arduinoUno/libcore.a(Print.cpp.o)
                0x000040e8                _ZN5Print11printNumberEmh
 .text._ZN5Print5printEmi
                0x0000419c       0x1e ../../libCore/arduinoUno/libcore.a(Print.cpp.o)
                0x0000419c                _ZN5Print5printEmi
 .text._ZN5Print7printlnEmi
                0x000041ba       0x26 ../../libCore/arduinoUno/libcore.a(Print.cpp.o)
                0x000041ba                _ZN5Print7printlnEmi
 .text._ZN5Print5printEji
                0x000041e0        0xe ../../libCore/arduinoUno/libcore.a(Print.cpp.o)
                0x000041e0                _ZN5Print5printEji
 .text._ZN5Print7printlnEji
                0x000041ee       0x2e ../../libCore/arduinoUno/libcore.a(Print.cpp.o)
                0x000041ee                _ZN5Print7printlnEji
 .text._ZN5Print5printEhi
                0x0000421c       0x10 ../../libCore/arduinoUno/libcore.a(Print.cpp.o)
                0x0000421c                _ZN5Print5printEhi
 .text._ZN5Print7printlnEhi
                0x0000422c       0x30 ../../libCore/arduinoUno/libcore.a(Print.cpp.o)
                0x0000422c                _ZN5Print7printlnEhi
 .text._ZN5Print5printEli
                0x0000425c       0x76 ../../libCore/arduinoUno/libcore.a(Print.cpp.o)
                0x0000425c                _ZN5Print5printEli
 .text._ZN5Print7printlnEli
                0x000042d2       0x26 ../../libCore/arduinoUno/libcore.a(Print.cpp.o)
                0x000042d2                _ZN5Print7printlnEli
 .text._ZN5Print5printEii
                0x000042f8       0x14 ../../libCore/arduinoUno/libcore.a(Print.cpp.o)
                0x000042f8                _ZN5Print5printEii
 .text._ZN5Print7printlnEii
                0x0000430c       0x36 ../../libCore/arduinoUno/libcore.a(Print.cpp.o)
                0x0000430c                _ZN5Print7printlnEii
 .text._ZN5Print10printFloatEdh
                0x00004342      0x16c ../../libCore/arduinoUno/libcore.a(Print.cpp.o)
                0x00004342                _ZN5Print10printFloatEdh
 .text._ZN5Print5printEdi
                0x000044ae        0x6 ../../libCore/arduinoUno/libcore.a(Print.cpp.o)
                0x000044ae                _ZN5Print5printEdi
 .text._ZN5Print7printlnEdi
                0x000044b4       0x26 ../../libCore/arduinoUno/libcore.a(Print.cpp.o)
                0x000044b4                _ZN5Print7printlnEdi
 .text._ZN14HardwareSerial9availableEv
                0x000044da       0x26 ../../libCore/arduinoUno/libcore.a(HardwareSerial.cpp.o)
                0x000044da                _ZN14HardwareSerial9availableEv
 .text._ZN14HardwareSerial4peekEv
                0x00004500       0x38 ../../libCore/arduinoUno/libcore.a(HardwareSerial.cpp.o)
                0x00004500                _ZN14HardwareSerial4peekEv
 .text._ZN14HardwareSerial4readEv
                0x00004538       0x44 ../../libCore/arduinoUno/libcore.a(HardwareSerial.cpp.o)
                0x00004538                _ZN14HardwareSerial4readEv
 .text._ZN14HardwareSerial5flushEv
                0x0000457c       0x28 ../../libCore/arduinoUno/libcore.a(HardwareSerial.cpp.o)
                0x0000457c                _ZN14HardwareSerial5flushEv
 .text._ZN14HardwareSerial5writeEh
                0x000045a4       0x72 ../../libCore/arduinoUno/libcore.a(HardwareSerial.cpp.o)
                0x000045a4                _ZN14HardwareSerial5writeEh
 .text._Z10store_charhP11ring_buffer
                0x00004616       0x34 ../../libCore/arduinoUno/libcore.a(HardwareSerial.cpp.o)
                0x00004616                _Z10store_charhP11ring_buffer
 .text._Z11serialEventv
                0x0000464a        0x2 ../../libCore/arduinoUno/libcore.a(HardwareSerial.cpp.o)
                0x0000464a                _Z11serialEventv
 .text.__vector_18
                0x0000464c       0x50 ../../libCore/arduinoUno/libcore.a(HardwareSerial.cpp.o)
                0x0000464c                __vector_18
 .text._Z14serialEventRunv
                0x0000469c       0x12 ../../libCore/arduinoUno/libcore.a(HardwareSerial.cpp.o)
                0x0000469c                _Z14serialEventRunv
 .text.__vector_19
                0x000046ae       0x8e ../../libCore/arduinoUno/libcore.a(HardwareSerial.cpp.o)
                0x000046ae                __vector_19
 .text._ZN14HardwareSerialC2EP11ring_bufferS1_PVhS3_S3_S3_S3_hhhhh
                0x0000473c       0x7e ../../libCore/arduinoUno/libcore.a(HardwareSerial.cpp.o)
                0x0000473c                _ZN14HardwareSerialC2EP11ring_bufferS1_PVhS3_S3_S3_S3_hhhhh
                0x0000473c                _ZN14HardwareSerialC1EP11ring_bufferS1_PVhS3_S3_S3_S3_hhhhh
 .text._ZN14HardwareSerial5beginEm
                0x000047ba       0xfc ../../libCore/arduinoUno/libcore.a(HardwareSerial.cpp.o)
                0x000047ba                _ZN14HardwareSerial5beginEm
 .text._ZN14HardwareSerial3endEv
                0x000048b6       0xae ../../libCore/arduinoUno/libcore.a(HardwareSerial.cpp.o)
                0x000048b6                _ZN14HardwareSerial3endEv
 .text._GLOBAL__I_rx_buffer
                0x00004964       0x7a ../../libCore/arduinoUno/libcore.a(HardwareSerial.cpp.o)
 .text.libgcc   0x000049de       0x28 /usr/lib/gcc/avr/4.5.3/avr5/libgcc.a(_udivmodhi4.o)
                0x000049de                __udivmodhi4
 .text.libgcc   0x00004a06       0x26 /usr/lib/gcc/avr/4.5.3/avr5/libgcc.a(_divmodhi4.o)
                0x00004a06                __divmodhi4
                0x00004a06                _div
 .text.libgcc   0x00004a2c       0x44 /usr/lib/gcc/avr/4.5.3/avr5/libgcc.a(_udivmodsi4.o)
                0x00004a2c                __udivmodsi4
 .text.libgcc   0x00004a70        0x0 /usr/lib/gcc/avr/4.5.3/avr5/libgcc.a(_exit.o)
 .text.libgcc   0x00004a70        0x0 /usr/lib/gcc/avr/4.5.3/avr5/libgcc.a(_copy_data.o)
 .text.libgcc   0x00004a70        0x0 /usr/lib/gcc/avr/4.5.3/avr5/libgcc.a(_clear_bss.o)
 .text.libgcc   0x00004a70        0x0 /usr/lib/gcc/avr/4.5.3/avr5/libgcc.a(_ctors.o)
 .text.libgcc   0x00004a70       0x38 /usr/lib/gcc/avr/4.5.3/avr5/libgcc.a(_prologue.o)
                0x00004a70                __prologue_saves__
 .text.libgcc   0x00004aa8       0x36 /usr/lib/gcc/avr/4.5.3/avr5/libgcc.a(_epilogue.o)
                0x00004aa8                __epilogue_restores__
 .text.libgcc   0x00004ade        0xc /usr/lib/gcc/avr/4.5.3/avr5/libgcc.a(_tablejump.o)
                0x00004ade                __tablejump2__
                0x00004ae2                __tablejump__
 .text.avr-libc.fplib
                0x00004aea       0x84 /usr/lib/gcc/avr/4.5.3/../../../avr/lib/avr5/libm.a(sqrt.o)
                0x00004af2                sqrt
 .text.avr-libc.fplib
                0x00004b6e       0x1c /usr/lib/gcc/avr/4.5.3/../../../avr/lib/avr5/libm.a(fp_mpack.o)
                0x00004b6e                __fp_mpack
                0x00004b72                __fp_mpack_finite
 .text.avr-libc.fplib
                0x00004b8a        0x6 /usr/lib/gcc/avr/4.5.3/../../../avr/lib/avr5/libm.a(fp_nan.o)
                0x00004b8a                __fp_nan
 .text.avr-libc.fplib
                0x00004b90        0xe /usr/lib/gcc/avr/4.5.3/../../../avr/lib/avr5/libm.a(fp_norm2.o)
                0x00004b90                __fp_norm2
 .text.avr-libc.fplib
                0x00004b9e       0x44 /usr/lib/gcc/avr/4.5.3/../../../avr/lib/avr5/libm.a(fp_split3.o)
                0x00004b9e                __fp_split3
                0x00004bae                __fp_splitA
 .text.avr-libc
                0x00004be2      0x266 /usr/lib/gcc/avr/4.5.3/../../../avr/lib/avr5/libc.a(malloc.o)
                0x00004be2                malloc
                0x00004d16                free
 .text.avr-libc
                0x00004e48      0x196 /usr/lib/gcc/avr/4.5.3/../../../avr/lib/avr5/libc.a(realloc.o)
                0x00004e48                realloc
 .text.avr-libc
                0x00004fde       0x4e /usr/lib/gcc/avr/4.5.3/../../../avr/lib/avr5/libc.a(atol.o)
                0x00004fde                atol
 .text.avr-libc
                0x0000502c       0x10 /usr/lib/gcc/avr/4.5.3/../../../avr/lib/avr5/libc.a(isspace.o)
                0x0000502c                isspace
 .text.avr-libc
                0x0000503c       0x10 /usr/lib/gcc/avr/4.5.3/../../../avr/lib/avr5/libc.a(tolower.o)
                0x0000503c                tolower
 .text.avr-libc
                0x0000504c       0x10 /usr/lib/gcc/avr/4.5.3/../../../avr/lib/avr5/libc.a(toupper.o)
                0x0000504c                toupper
 .text.avr-libc
                0x0000505c       0x12 /usr/lib/gcc/avr/4.5.3/../../../avr/lib/avr5/libc.a(memcpy.o)
                0x0000505c                memcpy
 .text.avr-libc
                0x0000506e       0x24 /usr/lib/gcc/avr/4.5.3/../../../avr/lib/avr5/libc.a(memmove.o)
                0x0000506e                memmove
 .text.avr-libc
                0x00005092       0x16 /usr/lib/gcc/avr/4.5.3/../../../avr/lib/avr5/libc.a(strchr.o)
                0x00005092                strchr
 .text.avr-libc
                0x000050a8       0x12 /usr/lib/gcc/avr/4.5.3/../../../avr/lib/avr5/libc.a(strcmp.o)
                0x000050a8                strcmp
 .text.avr-libc
                0x000050ba        0xe /usr/lib/gcc/avr/4.5.3/../../../avr/lib/avr5/libc.a(strcpy.o)
                0x000050ba                strcpy
 .text.avr-libc
                0x000050c8       0x1c /usr/lib/gcc/avr/4.5.3/../../../avr/lib/avr5/libc.a(strncmp.o)
                0x000050c8                strncmp
 .text.avr-libc
                0x000050e4       0x1e /usr/lib/gcc/avr/4.5.3/../../../avr/lib/avr5/libc.a(strncpy.o)
                0x000050e4                strncpy
 .text.avr-libc
                0x00005102       0x16 /usr/lib/gcc/avr/4.5.3/../../../avr/lib/avr5/libc.a(strrchr.o)
                0x00005102                strrchr
 .text.avr-libc
                0x00005118       0x34 /usr/lib/gcc/avr/4.5.3/../../../avr/lib/avr5/libc.a(strstr.o)
                0x00005118                strstr
 .text.avr-libc
                0x0000514c       0x42 /usr/lib/gcc/avr/4.5.3/../../../avr/lib/avr5/libc.a(itoa.o)
                0x0000514c                itoa
 .text.avr-libc
                0x0000518e       0x68 /usr/lib/gcc/avr/4.5.3/../../../avr/lib/avr5/libc.a(ltoa.o)
                0x0000518e                ltoa
 .text.avr-libc
                0x000051f6       0x2a /usr/lib/gcc/avr/4.5.3/../../../avr/lib/avr5/libc.a(mulsi10.o)
                0x000051f6                __mulsi_const_10
 .text.avr-libc
                0x00005220       0x4a /usr/lib/gcc/avr/4.5.3/../../../avr/lib/avr5/libc.a(ultoa.o)
                0x00005220                ultoa
 .text.avr-libc
                0x0000526a       0x2c /usr/lib/gcc/avr/4.5.3/../../../avr/lib/avr5/libc.a(utoa.o)
                0x0000526a                utoa
 .text.avr-libc
                0x00005296        0x6 /usr/lib/gcc/avr/4.5.3/../../../avr/lib/avr5/libc.a(cty_isfalse.o)
                0x00005296                __ctype_isfalse
                0x0000529a                __ctype_istrue
 .text.avr-libc
                0x0000529c       0x20 /usr/lib/gcc/avr/4.5.3/../../../avr/lib/avr5/libc.a(strrev.o)
                0x0000529c                strrev
                0x000052bc                . = ALIGN (0x2)
 *(.fini9)
 .fini9         0x000052bc        0x0 /usr/lib/gcc/avr/4.5.3/avr5/libgcc.a(_exit.o)
                0x000052bc                exit
                0x000052bc                _exit
 *(.fini9)
 *(.fini8)
 *(.fini8)
 *(.fini7)
 *(.fini7)
 *(.fini6)
 *(.fini6)
 *(.fini5)
 *(.fini5)
 *(.fini4)
 *(.fini4)
 *(.fini3)
 *(.fini3)
 *(.fini2)
 *(.fini2)
 *(.fini1)
 *(.fini1)
 *(.fini0)
 .fini0         0x000052bc        0x4 /usr/lib/gcc/avr/4.5.3/avr5/libgcc.a(_exit.o)
 *(.fini0)
                0x000052c0                _etext = .

.data           0x00800100      0x218 load address 0x000052c0
                0x00800100                PROVIDE (__data_start, .)
 *(.data)
 .data          0x00800100        0x0 /usr/lib/gcc/avr/4.5.3/../../../avr/lib/avr5/crtm328p.o
 .data          0x00800100       0x10 ./AccelStepper.o
                0x00800100                _ZTV12AccelStepper
 .data          0x00800110        0x0 ./DCMotor.o
 .data          0x00800110       0x15 ./LCD.o
 .data          0x00800125       0x10 ./LiquidCrystal.o
                0x00800125                _ZTV13LiquidCrystal
 .data          0x00800135        0x0 ./PDController.o
 .data          0x00800135        0x1 ./SoftPWM.o
                0x00800135                _isr_softcount
 .data          0x00800136       0x10 ./StepperMotor.o
                0x00800136                _ZTV12StepperMotor
 .data          0x00800146       0x97 ./main.o
 .data          0x008001dd        0x0 ../../libCore/arduinoUno/libcore.a(wiring_analog.c.o)
 .data          0x008001dd        0x0 ../../libCore/arduinoUno/libcore.a(wiring.c.o)
 .data          0x008001dd        0x0 ../../libCore/arduinoUno/libcore.a(wiring_digital.c.o)
 .data          0x008001dd        0x1 ../../libCore/arduinoUno/libcore.a(WString.cpp.o)
 .data          0x008001de        0x0 ../../libCore/arduinoUno/libcore.a(new.cpp.o)
 .data          0x008001de        0x2 ../../libCore/arduinoUno/libcore.a(Print.cpp.o)
 .data          0x008001e0        0x0 ../../libCore/arduinoUno/libcore.a(HardwareSerial.cpp.o)
 .data          0x008001e0        0x0 /usr/lib/gcc/avr/4.5.3/avr5/libgcc.a(_udivmodhi4.o)
 .data          0x008001e0        0x0 /usr/lib/gcc/avr/4.5.3/avr5/libgcc.a(_divmodhi4.o)
 .data          0x008001e0        0x0 /usr/lib/gcc/avr/4.5.3/avr5/libgcc.a(_udivmodsi4.o)
 .data          0x008001e0        0x0 /usr/lib/gcc/avr/4.5.3/avr5/libgcc.a(_exit.o)
 .data          0x008001e0        0x0 /usr/lib/gcc/avr/4.5.3/avr5/libgcc.a(_copy_data.o)
 .data          0x008001e0        0x0 /usr/lib/gcc/avr/4.5.3/avr5/libgcc.a(_clear_bss.o)
 .data          0x008001e0        0x0 /usr/lib/gcc/avr/4.5.3/avr5/libgcc.a(_ctors.o)
 .data          0x008001e0        0x0 /usr/lib/gcc/avr/4.5.3/avr5/libgcc.a(_fixunssfsi.o)
 .data          0x008001e0        0x0 /usr/lib/gcc/avr/4.5.3/avr5/libgcc.a(_addsub_sf.o)
 .data          0x008001e0        0x0 /usr/lib/gcc/avr/4.5.3/avr5/libgcc.a(_mul_sf.o)
 .data          0x008001e0        0x0 /usr/lib/gcc/avr/4.5.3/avr5/libgcc.a(_div_sf.o)
 .data          0x008001e0        0x0 /usr/lib/gcc/avr/4.5.3/avr5/libgcc.a(_eq_sf.o)
 .data          0x008001e0        0x0 /usr/lib/gcc/avr/4.5.3/avr5/libgcc.a(_gt_sf.o)
 .data          0x008001e0        0x0 /usr/lib/gcc/avr/4.5.3/avr5/libgcc.a(_ge_sf.o)
 .data          0x008001e0        0x0 /usr/lib/gcc/avr/4.5.3/avr5/libgcc.a(_lt_sf.o)
 .data          0x008001e0        0x0 /usr/lib/gcc/avr/4.5.3/avr5/libgcc.a(_si_to_sf.o)
 .data          0x008001e0        0x0 /usr/lib/gcc/avr/4.5.3/avr5/libgcc.a(_sf_to_si.o)
 .data          0x008001e0        0x8 /usr/lib/gcc/avr/4.5.3/avr5/libgcc.a(_thenan_sf.o)
                0x008001e0                __thenan_sf
 .data          0x008001e8        0x0 /usr/lib/gcc/avr/4.5.3/avr5/libgcc.a(_usi_to_sf.o)
 .data          0x008001e8        0x0 /usr/lib/gcc/avr/4.5.3/avr5/libgcc.a(_prologue.o)
 .data          0x008001e8        0x0 /usr/lib/gcc/avr/4.5.3/avr5/libgcc.a(_epilogue.o)
 .data          0x008001e8        0x0 /usr/lib/gcc/avr/4.5.3/avr5/libgcc.a(_tablejump.o)
 .data          0x008001e8        0x0 /usr/lib/gcc/avr/4.5.3/avr5/libgcc.a(_clzsi2.o)
 .data          0x008001e8        0x0 /usr/lib/gcc/avr/4.5.3/avr5/libgcc.a(_pack_sf.o)
 .data          0x008001e8        0x0 /usr/lib/gcc/avr/4.5.3/avr5/libgcc.a(_unpack_sf.o)
 .data          0x008001e8        0x0 /usr/lib/gcc/avr/4.5.3/avr5/libgcc.a(_fpcmp_parts_sf.o)
 .data          0x008001e8      0x100 /usr/lib/gcc/avr/4.5.3/avr5/libgcc.a(_clz.o)
                0x008001e8                __clz_tab
 .data          0x008002e8        0x0 /usr/lib/gcc/avr/4.5.3/../../../avr/lib/avr5/libm.a(sqrt.o)
 .data          0x008002e8        0x0 /usr/lib/gcc/avr/4.5.3/../../../avr/lib/avr5/libm.a(fp_mpack.o)
 .data          0x008002e8        0x0 /usr/lib/gcc/avr/4.5.3/../../../avr/lib/avr5/libm.a(fp_nan.o)
 .data          0x008002e8        0x0 /usr/lib/gcc/avr/4.5.3/../../../avr/lib/avr5/libm.a(fp_norm2.o)
 .data          0x008002e8        0x0 /usr/lib/gcc/avr/4.5.3/../../../avr/lib/avr5/libm.a(fp_split3.o)
 .data          0x008002e8        0x6 /usr/lib/gcc/avr/4.5.3/../../../avr/lib/avr5/libc.a(malloc.o)
                0x008002e8                __malloc_margin
                0x008002ea                __malloc_heap_start
                0x008002ec                __malloc_heap_end
 .data          0x008002ee        0x0 /usr/lib/gcc/avr/4.5.3/../../../avr/lib/avr5/libc.a(realloc.o)
 .data          0x008002ee        0x0 /usr/lib/gcc/avr/4.5.3/../../../avr/lib/avr5/libc.a(atol.o)
 .data          0x008002ee        0x0 /usr/lib/gcc/avr/4.5.3/../../../avr/lib/avr5/libc.a(isspace.o)
 .data          0x008002ee        0x0 /usr/lib/gcc/avr/4.5.3/../../../avr/lib/avr5/libc.a(tolower.o)
 .data          0x008002ee        0x0 /usr/lib/gcc/avr/4.5.3/../../../avr/lib/avr5/libc.a(toupper.o)
 .data          0x008002ee        0x0 /usr/lib/gcc/avr/4.5.3/../../../avr/lib/avr5/libc.a(memcpy.o)
 .data          0x008002ee        0x0 /usr/lib/gcc/avr/4.5.3/../../../avr/lib/avr5/libc.a(memmove.o)
 .data          0x008002ee        0x0 /usr/lib/gcc/avr/4.5.3/../../../avr/lib/avr5/libc.a(strchr.o)
 .data          0x008002ee        0x0 /usr/lib/gcc/avr/4.5.3/../../../avr/lib/avr5/libc.a(strcmp.o)
 .data          0x008002ee        0x0 /usr/lib/gcc/avr/4.5.3/../../../avr/lib/avr5/libc.a(strcpy.o)
 .data          0x008002ee        0x0 /usr/lib/gcc/avr/4.5.3/../../../avr/lib/avr5/libc.a(strncmp.o)
 .data          0x008002ee        0x0 /usr/lib/gcc/avr/4.5.3/../../../avr/lib/avr5/libc.a(strncpy.o)
 .data          0x008002ee        0x0 /usr/lib/gcc/avr/4.5.3/../../../avr/lib/avr5/libc.a(strrchr.o)
 .data          0x008002ee        0x0 /usr/lib/gcc/avr/4.5.3/../../../avr/lib/avr5/libc.a(strstr.o)
 .data          0x008002ee        0x0 /usr/lib/gcc/avr/4.5.3/../../../avr/lib/avr5/libc.a(itoa.o)
 .data          0x008002ee        0x0 /usr/lib/gcc/avr/4.5.3/../../../avr/lib/avr5/libc.a(ltoa.o)
 .data          0x008002ee        0x0 /usr/lib/gcc/avr/4.5.3/../../../avr/lib/avr5/libc.a(mulsi10.o)
 .data          0x008002ee        0x0 /usr/lib/gcc/avr/4.5.3/../../../avr/lib/avr5/libc.a(ultoa.o)
 .data          0x008002ee        0x0 /usr/lib/gcc/avr/4.5.3/../../../avr/lib/avr5/libc.a(utoa.o)
 .data          0x008002ee        0x0 /usr/lib/gcc/avr/4.5.3/../../../avr/lib/avr5/libc.a(cty_isfalse.o)
 .data          0x008002ee        0x0 /usr/lib/gcc/avr/4.5.3/../../../avr/lib/avr5/libc.a(strrev.o)
 *(.data*)
 .data.analog_reference
                0x008002ee        0x1 ../../libCore/arduinoUno/libcore.a(wiring_analog.c.o)
                0x008002ee                analog_reference
 *(.rodata)
 *(.rodata*)
 .rodata._ZTV5Print
                0x008002ef        0x8 ../../libCore/arduinoUno/libcore.a(Print.cpp.o)
                0x008002ef                _ZTV5Print
 .rodata._ZTV14HardwareSerial
                0x008002f7       0x10 ../../libCore/arduinoUno/libcore.a(HardwareSerial.cpp.o)
                0x008002f7                _ZTV14HardwareSerial
 .rodata._ZTV6Stream
                0x00800307       0x10 ../../libCore/arduinoUno/libcore.a(HardwareSerial.cpp.o)
                0x00800307                _ZTV6Stream
 *(.gnu.linkonce.d*)
                0x00800318                . = ALIGN (0x2)
 *fill*         0x00800317        0x1 00
                0x00800318                _edata = .
                0x00800318                PROVIDE (__data_end, .)

.bss            0x00800318      0x178
                0x00800318                PROVIDE (__bss_start, .)
 *(.bss)
 .bss           0x00800318        0x0 /usr/lib/gcc/avr/4.5.3/../../../avr/lib/avr5/crtm328p.o
 .bss           0x00800318        0x0 ./AccelStepper.o
 .bss           0x00800318        0x0 ./DCMotor.o
 .bss           0x00800318        0x0 ./LCD.o
 .bss           0x00800318        0x0 ./LiquidCrystal.o
 .bss           0x00800318        0x0 ./PDController.o
 .bss           0x00800318       0xb5 ./SoftPWM.o
                0x00800318                _softpwm_defaultPolarity
                0x00800319                _softpwm_channels
 .bss           0x008003cd        0x0 ./StepperMotor.o
 .bss           0x008003cd        0xe ./main.o
                0x008003cd                leftPDController
                0x008003cf                rightPDController
                0x008003d1                lcd
                0x008003d3                leftMotor
                0x008003d5                rightMotor
                0x008003d7                myStepper
                0x008003d9                frameCount
 .bss           0x008003db        0x0 ../../libCore/arduinoUno/libcore.a(wiring_analog.c.o)
 .bss           0x008003db        0x0 ../../libCore/arduinoUno/libcore.a(wiring.c.o)
 .bss           0x008003db        0x0 ../../libCore/arduinoUno/libcore.a(wiring_digital.c.o)
 .bss           0x008003db        0x0 ../../libCore/arduinoUno/libcore.a(WString.cpp.o)
 .bss           0x008003db        0x0 ../../libCore/arduinoUno/libcore.a(new.cpp.o)
 .bss           0x008003db        0x0 ../../libCore/arduinoUno/libcore.a(Print.cpp.o)
 .bss           0x008003db        0x0 ../../libCore/arduinoUno/libcore.a(HardwareSerial.cpp.o)
 .bss           0x008003db        0x0 /usr/lib/gcc/avr/4.5.3/avr5/libgcc.a(_udivmodhi4.o)
 .bss           0x008003db        0x0 /usr/lib/gcc/avr/4.5.3/avr5/libgcc.a(_divmodhi4.o)
 .bss           0x008003db        0x0 /usr/lib/gcc/avr/4.5.3/avr5/libgcc.a(_udivmodsi4.o)
 .bss           0x008003db        0x0 /usr/lib/gcc/avr/4.5.3/avr5/libgcc.a(_exit.o)
 .bss           0x008003db        0x0 /usr/lib/gcc/avr/4.5.3/avr5/libgcc.a(_copy_data.o)
 .bss           0x008003db        0x0 /usr/lib/gcc/avr/4.5.3/avr5/libgcc.a(_clear_bss.o)
 .bss           0x008003db        0x0 /usr/lib/gcc/avr/4.5.3/avr5/libgcc.a(_ctors.o)
 .bss           0x008003db        0x0 /usr/lib/gcc/avr/4.5.3/avr5/libgcc.a(_fixunssfsi.o)
 .bss           0x008003db        0x0 /usr/lib/gcc/avr/4.5.3/avr5/libgcc.a(_addsub_sf.o)
 .bss           0x008003db        0x0 /usr/lib/gcc/avr/4.5.3/avr5/libgcc.a(_mul_sf.o)
 .bss           0x008003db        0x0 /usr/lib/gcc/avr/4.5.3/avr5/libgcc.a(_div_sf.o)
 .bss           0x008003db        0x0 /usr/lib/gcc/avr/4.5.3/avr5/libgcc.a(_eq_sf.o)
 .bss           0x008003db        0x0 /usr/lib/gcc/avr/4.5.3/avr5/libgcc.a(_gt_sf.o)
 .bss           0x008003db        0x0 /usr/lib/gcc/avr/4.5.3/avr5/libgcc.a(_ge_sf.o)
 .bss           0x008003db        0x0 /usr/lib/gcc/avr/4.5.3/avr5/libgcc.a(_lt_sf.o)
 .bss           0x008003db        0x0 /usr/lib/gcc/avr/4.5.3/avr5/libgcc.a(_si_to_sf.o)
 .bss           0x008003db        0x0 /usr/lib/gcc/avr/4.5.3/avr5/libgcc.a(_sf_to_si.o)
 .bss           0x008003db        0x0 /usr/lib/gcc/avr/4.5.3/avr5/libgcc.a(_thenan_sf.o)
 .bss           0x008003db        0x0 /usr/lib/gcc/avr/4.5.3/avr5/libgcc.a(_usi_to_sf.o)
 .bss           0x008003db        0x0 /usr/lib/gcc/avr/4.5.3/avr5/libgcc.a(_prologue.o)
 .bss           0x008003db        0x0 /usr/lib/gcc/avr/4.5.3/avr5/libgcc.a(_epilogue.o)
 .bss           0x008003db        0x0 /usr/lib/gcc/avr/4.5.3/avr5/libgcc.a(_tablejump.o)
 .bss           0x008003db        0x0 /usr/lib/gcc/avr/4.5.3/avr5/libgcc.a(_clzsi2.o)
 .bss           0x008003db        0x0 /usr/lib/gcc/avr/4.5.3/avr5/libgcc.a(_pack_sf.o)
 .bss           0x008003db        0x0 /usr/lib/gcc/avr/4.5.3/avr5/libgcc.a(_unpack_sf.o)
 .bss           0x008003db        0x0 /usr/lib/gcc/avr/4.5.3/avr5/libgcc.a(_fpcmp_parts_sf.o)
 .bss           0x008003db        0x0 /usr/lib/gcc/avr/4.5.3/avr5/libgcc.a(_clz.o)
 .bss           0x008003db        0x0 /usr/lib/gcc/avr/4.5.3/../../../avr/lib/avr5/libm.a(sqrt.o)
 .bss           0x008003db        0x0 /usr/lib/gcc/avr/4.5.3/../../../avr/lib/avr5/libm.a(fp_mpack.o)
 .bss           0x008003db        0x0 /usr/lib/gcc/avr/4.5.3/../../../avr/lib/avr5/libm.a(fp_nan.o)
 .bss           0x008003db        0x0 /usr/lib/gcc/avr/4.5.3/../../../avr/lib/avr5/libm.a(fp_norm2.o)
 .bss           0x008003db        0x0 /usr/lib/gcc/avr/4.5.3/../../../avr/lib/avr5/libm.a(fp_split3.o)
 .bss           0x008003db        0x0 /usr/lib/gcc/avr/4.5.3/../../../avr/lib/avr5/libc.a(malloc.o)
 .bss           0x008003db        0x0 /usr/lib/gcc/avr/4.5.3/../../../avr/lib/avr5/libc.a(realloc.o)
 .bss           0x008003db        0x0 /usr/lib/gcc/avr/4.5.3/../../../avr/lib/avr5/libc.a(atol.o)
 .bss           0x008003db        0x0 /usr/lib/gcc/avr/4.5.3/../../../avr/lib/avr5/libc.a(isspace.o)
 .bss           0x008003db        0x0 /usr/lib/gcc/avr/4.5.3/../../../avr/lib/avr5/libc.a(tolower.o)
 .bss           0x008003db        0x0 /usr/lib/gcc/avr/4.5.3/../../../avr/lib/avr5/libc.a(toupper.o)
 .bss           0x008003db        0x0 /usr/lib/gcc/avr/4.5.3/../../../avr/lib/avr5/libc.a(memcpy.o)
 .bss           0x008003db        0x0 /usr/lib/gcc/avr/4.5.3/../../../avr/lib/avr5/libc.a(memmove.o)
 .bss           0x008003db        0x0 /usr/lib/gcc/avr/4.5.3/../../../avr/lib/avr5/libc.a(strchr.o)
 .bss           0x008003db        0x0 /usr/lib/gcc/avr/4.5.3/../../../avr/lib/avr5/libc.a(strcmp.o)
 .bss           0x008003db        0x0 /usr/lib/gcc/avr/4.5.3/../../../avr/lib/avr5/libc.a(strcpy.o)
 .bss           0x008003db        0x0 /usr/lib/gcc/avr/4.5.3/../../../avr/lib/avr5/libc.a(strncmp.o)
 .bss           0x008003db        0x0 /usr/lib/gcc/avr/4.5.3/../../../avr/lib/avr5/libc.a(strncpy.o)
 .bss           0x008003db        0x0 /usr/lib/gcc/avr/4.5.3/../../../avr/lib/avr5/libc.a(strrchr.o)
 .bss           0x008003db        0x0 /usr/lib/gcc/avr/4.5.3/../../../avr/lib/avr5/libc.a(strstr.o)
 .bss           0x008003db        0x0 /usr/lib/gcc/avr/4.5.3/../../../avr/lib/avr5/libc.a(itoa.o)
 .bss           0x008003db        0x0 /usr/lib/gcc/avr/4.5.3/../../../avr/lib/avr5/libc.a(ltoa.o)
 .bss           0x008003db        0x0 /usr/lib/gcc/avr/4.5.3/../../../avr/lib/avr5/libc.a(mulsi10.o)
 .bss           0x008003db        0x0 /usr/lib/gcc/avr/4.5.3/../../../avr/lib/avr5/libc.a(ultoa.o)
 .bss           0x008003db        0x0 /usr/lib/gcc/avr/4.5.3/../../../avr/lib/avr5/libc.a(utoa.o)
 .bss           0x008003db        0x0 /usr/lib/gcc/avr/4.5.3/../../../avr/lib/avr5/libc.a(cty_isfalse.o)
 .bss           0x008003db        0x0 /usr/lib/gcc/avr/4.5.3/../../../avr/lib/avr5/libc.a(strrev.o)
 *(.bss*)
 .bss.timer0_overflow_count
                0x008003db        0x4 ../../libCore/arduinoUno/libcore.a(wiring.c.o)
                0x008003db                timer0_overflow_count
 .bss.timer0_millis
                0x008003df        0x4 ../../libCore/arduinoUno/libcore.a(wiring.c.o)
                0x008003df                timer0_millis
 .bss.timer0_fract
                0x008003e3        0x1 ../../libCore/arduinoUno/libcore.a(wiring.c.o)
 .bss._ZZN6StringixEjE19dummy_writable_char
                0x008003e4        0x1 ../../libCore/arduinoUno/libcore.a(WString.cpp.o)
 .bss.rx_buffer
                0x008003e5       0x44 ../../libCore/arduinoUno/libcore.a(HardwareSerial.cpp.o)
                0x008003e5                rx_buffer
 .bss.tx_buffer
                0x00800429       0x44 ../../libCore/arduinoUno/libcore.a(HardwareSerial.cpp.o)
                0x00800429                tx_buffer
 .bss.Serial    0x0080046d       0x1f ../../libCore/arduinoUno/libcore.a(HardwareSerial.cpp.o)
                0x0080046d                Serial
 *(COMMON)
 COMMON         0x0080048c        0x4 /usr/lib/gcc/avr/4.5.3/../../../avr/lib/avr5/libc.a(malloc.o)
                0x0080048c                __brkval
                0x0080048e                __flp
                0x00800490                PROVIDE (__bss_end, .)
                0x000052c0                __data_load_start = LOADADDR (.data)
                0x000054d8                __data_load_end = (__data_load_start + SIZEOF (.data))

.noinit         0x00800490        0x0
                0x00800490                PROVIDE (__noinit_start, .)
 *(.noinit*)
                0x00800490                PROVIDE (__noinit_end, .)
                0x00800490                _end = .
                0x00800490                PROVIDE (__heap_start, .)

.eeprom         0x00810000        0x0
 *(.eeprom*)
                0x00810000                __eeprom_end = .

.fuse
 *(.fuse)
 *(.lfuse)
 *(.hfuse)
 *(.efuse)

.lock
 *(.lock*)

.signature
 *(.signature*)

.stab           0x00000000     0x97f8
 *(.stab)
 .stab          0x00000000      0x6cc /usr/lib/gcc/avr/4.5.3/../../../avr/lib/avr5/crtm328p.o
 .stab          0x000006cc      0x84c ../../libCore/arduinoUno/libcore.a(wiring_analog.c.o)
                                0x858 (size before relaxing)
 .stab          0x00000f18      0x708 ../../libCore/arduinoUno/libcore.a(wiring.c.o)
                                0xa44 (size before relaxing)
 .stab          0x00001620      0x72c ../../libCore/arduinoUno/libcore.a(wiring_digital.c.o)
                                0xa68 (size before relaxing)
 .stab          0x00001d4c     0x2cf4 ../../libCore/arduinoUno/libcore.a(WString.cpp.o)
                               0x2d00 (size before relaxing)
 .stab          0x00004a40      0x3c0 ../../libCore/arduinoUno/libcore.a(new.cpp.o)
                                0x3cc (size before relaxing)
 .stab          0x00004e00     0x1500 ../../libCore/arduinoUno/libcore.a(Print.cpp.o)
                               0x150c (size before relaxing)
 .stab          0x00006300      0xf3c ../../libCore/arduinoUno/libcore.a(HardwareSerial.cpp.o)
                                0xf48 (size before relaxing)
 .stab          0x0000723c      0x354 /usr/lib/gcc/avr/4.5.3/../../../avr/lib/avr5/libm.a(sqrt.o)
                                0x360 (size before relaxing)
 .stab          0x00007590       0xe4 /usr/lib/gcc/avr/4.5.3/../../../avr/lib/avr5/libm.a(fp_mpack.o)
                                 0xf0 (size before relaxing)
 .stab          0x00007674       0x54 /usr/lib/gcc/avr/4.5.3/../../../avr/lib/avr5/libm.a(fp_nan.o)
                                 0x60 (size before relaxing)
 .stab          0x000076c8       0x84 /usr/lib/gcc/avr/4.5.3/../../../avr/lib/avr5/libm.a(fp_norm2.o)
                                 0x90 (size before relaxing)
 .stab          0x0000774c      0x1d4 /usr/lib/gcc/avr/4.5.3/../../../avr/lib/avr5/libm.a(fp_split3.o)
                                0x1e0 (size before relaxing)
 .stab          0x00007920      0x750 /usr/lib/gcc/avr/4.5.3/../../../avr/lib/avr5/libc.a(malloc.o)
                                0x75c (size before relaxing)
 .stab          0x00008070      0x3cc /usr/lib/gcc/avr/4.5.3/../../../avr/lib/avr5/libc.a(realloc.o)
                                0x5c4 (size before relaxing)
 .stab          0x0000843c      0x1e0 /usr/lib/gcc/avr/4.5.3/../../../avr/lib/avr5/libc.a(atol.o)
                                0x1ec (size before relaxing)
 .stab          0x0000861c       0x9c /usr/lib/gcc/avr/4.5.3/../../../avr/lib/avr5/libc.a(isspace.o)
                                 0xa8 (size before relaxing)
 .stab          0x000086b8       0x9c /usr/lib/gcc/avr/4.5.3/../../../avr/lib/avr5/libc.a(tolower.o)
                                 0xa8 (size before relaxing)
 .stab          0x00008754       0x9c /usr/lib/gcc/avr/4.5.3/../../../avr/lib/avr5/libc.a(toupper.o)
                                 0xa8 (size before relaxing)
 .stab          0x000087f0       0x84 /usr/lib/gcc/avr/4.5.3/../../../avr/lib/avr5/libc.a(memcpy.o)
                                 0x90 (size before relaxing)
 .stab          0x00008874       0xe4 /usr/lib/gcc/avr/4.5.3/../../../avr/lib/avr5/libc.a(memmove.o)
                                 0xf0 (size before relaxing)
 .stab          0x00008958       0x9c /usr/lib/gcc/avr/4.5.3/../../../avr/lib/avr5/libc.a(strchr.o)
                                 0xa8 (size before relaxing)
 .stab          0x000089f4       0x84 /usr/lib/gcc/avr/4.5.3/../../../avr/lib/avr5/libc.a(strcmp.o)
                                 0x90 (size before relaxing)
 .stab          0x00008a78       0x6c /usr/lib/gcc/avr/4.5.3/../../../avr/lib/avr5/libc.a(strcpy.o)
                                 0x78 (size before relaxing)
 .stab          0x00008ae4       0xc0 /usr/lib/gcc/avr/4.5.3/../../../avr/lib/avr5/libc.a(strncmp.o)
                                 0xcc (size before relaxing)
 .stab          0x00008ba4       0xcc /usr/lib/gcc/avr/4.5.3/../../../avr/lib/avr5/libc.a(strncpy.o)
                                 0xd8 (size before relaxing)
 .stab          0x00008c70       0x9c /usr/lib/gcc/avr/4.5.3/../../../avr/lib/avr5/libc.a(strrchr.o)
                                 0xa8 (size before relaxing)
 .stab          0x00008d0c      0x150 /usr/lib/gcc/avr/4.5.3/../../../avr/lib/avr5/libc.a(strstr.o)
                                0x15c (size before relaxing)
 .stab          0x00008e5c      0x1b0 /usr/lib/gcc/avr/4.5.3/../../../avr/lib/avr5/libc.a(itoa.o)
                                0x1bc (size before relaxing)
 .stab          0x0000900c      0x294 /usr/lib/gcc/avr/4.5.3/../../../avr/lib/avr5/libc.a(ltoa.o)
                                0x2a0 (size before relaxing)
 .stab          0x000092a0      0x114 /usr/lib/gcc/avr/4.5.3/../../../avr/lib/avr5/libc.a(mulsi10.o)
                                0x120 (size before relaxing)
 .stab          0x000093b4      0x1e0 /usr/lib/gcc/avr/4.5.3/../../../avr/lib/avr5/libc.a(ultoa.o)
                                0x1ec (size before relaxing)
 .stab          0x00009594      0x12c /usr/lib/gcc/avr/4.5.3/../../../avr/lib/avr5/libc.a(utoa.o)
                                0x138 (size before relaxing)
 .stab          0x000096c0       0x60 /usr/lib/gcc/avr/4.5.3/../../../avr/lib/avr5/libc.a(cty_isfalse.o)
                                 0x6c (size before relaxing)
 .stab          0x00009720       0xd8 /usr/lib/gcc/avr/4.5.3/../../../avr/lib/avr5/libc.a(strrev.o)
                                 0xe4 (size before relaxing)

.stabstr        0x00000000     0x8d69
 *(.stabstr)
 .stabstr       0x00000000     0x8d69 /usr/lib/gcc/avr/4.5.3/../../../avr/lib/avr5/crtm328p.o

.stab.excl
 *(.stab.excl)

.stab.exclstr
 *(.stab.exclstr)

.stab.index
 *(.stab.index)

.stab.indexstr
 *(.stab.indexstr)

.comment
 *(.comment)

.debug
 *(.debug)

.line
 *(.line)

.debug_srcinfo
 *(.debug_srcinfo)

.debug_sfnames
 *(.debug_sfnames)

.debug_aranges
 *(.debug_aranges)

.debug_pubnames
 *(.debug_pubnames)

.debug_info
 *(.debug_info)
 *(.gnu.linkonce.wi.*)

.debug_abbrev
 *(.debug_abbrev)

.debug_line
 *(.debug_line)

.debug_frame
 *(.debug_frame)

.debug_str
 *(.debug_str)

.debug_loc
 *(.debug_loc)

.debug_macinfo
 *(.debug_macinfo)
OUTPUT(ProjectController.elf elf32-avr)
LOAD linker stubs

Cross Reference Table

Symbol                                            File
AccelStepper::AccelStepper(unsigned char, unsigned char, unsigned char, unsigned char, unsigned char) ./AccelStepper.o
AccelStepper::AccelStepper(unsigned char, unsigned char, unsigned char, unsigned char, unsigned char) ./AccelStepper.o
                                                  ./StepperMotor.o
AccelStepper::AccelStepper(void (*)(), void (*)()) ./AccelStepper.o
AccelStepper::AccelStepper(void (*)(), void (*)()) ./AccelStepper.o
AccelStepper::computeNewSpeed()                   ./AccelStepper.o
AccelStepper::currentPosition()                   ./AccelStepper.o
                                                  ./StepperMotor.o
AccelStepper::desiredSpeed()                      ./AccelStepper.o
                                                  ./StepperMotor.o
AccelStepper::disableOutputs()                    ./AccelStepper.o
AccelStepper::distanceToGo()                      ./AccelStepper.o
AccelStepper::enableOutputs()                     ./AccelStepper.o
AccelStepper::move(long)                          ./AccelStepper.o
AccelStepper::moveTo(long)                        ./AccelStepper.o
                                                  ./StepperMotor.o
AccelStepper::run()                               ./AccelStepper.o
                                                  ./main.o
AccelStepper::runSpeed()                          ./AccelStepper.o
                                                  ./main.o
AccelStepper::runSpeedToPosition()                ./AccelStepper.o
AccelStepper::runToNewPosition(long)              ./AccelStepper.o
AccelStepper::runToPosition()                     ./AccelStepper.o
AccelStepper::setAcceleration(float)              ./AccelStepper.o
                                                  ./main.o
AccelStepper::setCurrentPosition(long)            ./AccelStepper.o
AccelStepper::setMaxSpeed(float)                  ./AccelStepper.o
                                                  ./main.o
AccelStepper::setSpeed(float)                     ./AccelStepper.o
                                                  ./StepperMotor.o
AccelStepper::speed()                             ./AccelStepper.o
AccelStepper::step(unsigned char)                 ./AccelStepper.o
                                                  ./StepperMotor.o
AccelStepper::step0()                             ./AccelStepper.o
                                                  ./StepperMotor.o
AccelStepper::step1(unsigned char)                ./AccelStepper.o
                                                  ./StepperMotor.o
AccelStepper::step2(unsigned char)                ./AccelStepper.o
                                                  ./StepperMotor.o
AccelStepper::step4(unsigned char)                ./AccelStepper.o
                                                  ./StepperMotor.o
AccelStepper::targetPosition()                    ./AccelStepper.o
DCMotor::DCMotor(int)                             ./DCMotor.o
                                                  ./main.o
DCMotor::DCMotor(int)                             ./DCMotor.o
DCMotor::setMotorspeed(int)                       ./DCMotor.o
                                                  ./main.o
DCMotor_inti()                                    ./DCMotor.o
                                                  ./main.o
HardwareSerial::HardwareSerial(ring_buffer*, ring_buffer*, unsigned char volatile*, unsigned char volatile*, unsigned char volatile*, unsigned char volatile*, unsigned char volatile*, unsigned char, unsigned char, unsigned char, unsigned char, unsigned char) ../../libCore/arduinoUno/libcore.a(HardwareSerial.cpp.o)
HardwareSerial::HardwareSerial(ring_buffer*, ring_buffer*, unsigned char volatile*, unsigned char volatile*, unsigned char volatile*, unsigned char volatile*, unsigned char volatile*, unsigned char, unsigned char, unsigned char, unsigned char, unsigned char) ../../libCore/arduinoUno/libcore.a(HardwareSerial.cpp.o)
HardwareSerial::available()                       ../../libCore/arduinoUno/libcore.a(HardwareSerial.cpp.o)
HardwareSerial::begin(unsigned long)              ../../libCore/arduinoUno/libcore.a(HardwareSerial.cpp.o)
                                                  ./main.o
HardwareSerial::end()                             ../../libCore/arduinoUno/libcore.a(HardwareSerial.cpp.o)
HardwareSerial::flush()                           ../../libCore/arduinoUno/libcore.a(HardwareSerial.cpp.o)
HardwareSerial::peek()                            ../../libCore/arduinoUno/libcore.a(HardwareSerial.cpp.o)
HardwareSerial::read()                            ../../libCore/arduinoUno/libcore.a(HardwareSerial.cpp.o)
HardwareSerial::write(unsigned char)              ../../libCore/arduinoUno/libcore.a(HardwareSerial.cpp.o)
LCD::LCD(unsigned char, unsigned char, unsigned char, unsigned char, unsigned char, unsigned char, unsigned char, unsigned char) ./LCD.o
LCD::LCD(unsigned char, unsigned char, unsigned char, unsigned char, unsigned char, unsigned char, unsigned char, unsigned char) ./LCD.o
                                                  ./main.o
LCD::trace(String)                                ./LCD.o
                                                  ./main.o
LCD::updateLCD(int, int, int, int)                ./LCD.o
                                                  ./main.o
LiquidCrystal::LiquidCrystal(unsigned char, unsigned char, unsigned char, unsigned char, unsigned char, unsigned char) ./LiquidCrystal.o
LiquidCrystal::LiquidCrystal(unsigned char, unsigned char, unsigned char, unsigned char, unsigned char, unsigned char) ./LiquidCrystal.o
                                                  ./LCD.o
LiquidCrystal::LiquidCrystal(unsigned char, unsigned char, unsigned char, unsigned char, unsigned char, unsigned char, unsigned char) ./LiquidCrystal.o
LiquidCrystal::LiquidCrystal(unsigned char, unsigned char, unsigned char, unsigned char, unsigned char, unsigned char, unsigned char) ./LiquidCrystal.o
LiquidCrystal::LiquidCrystal(unsigned char, unsigned char, unsigned char, unsigned char, unsigned char, unsigned char, unsigned char, unsigned char, unsigned char, unsigned char) ./LiquidCrystal.o
LiquidCrystal::LiquidCrystal(unsigned char, unsigned char, unsigned char, unsigned char, unsigned char, unsigned char, unsigned char, unsigned char, unsigned char, unsigned char) ./LiquidCrystal.o
LiquidCrystal::LiquidCrystal(unsigned char, unsigned char, unsigned char, unsigned char, unsigned char, unsigned char, unsigned char, unsigned char, unsigned char, unsigned char, unsigned char) ./LiquidCrystal.o
LiquidCrystal::LiquidCrystal(unsigned char, unsigned char, unsigned char, unsigned char, unsigned char, unsigned char, unsigned char, unsigned char, unsigned char, unsigned char, unsigned char) ./LiquidCrystal.o
LiquidCrystal::autoscroll()                       ./LiquidCrystal.o
LiquidCrystal::begin(unsigned char, unsigned char, unsigned char) ./LiquidCrystal.o
                                                  ./LCD.o
LiquidCrystal::blink()                            ./LiquidCrystal.o
LiquidCrystal::clear()                            ./LiquidCrystal.o
                                                  ./LCD.o
LiquidCrystal::command(unsigned char)             ./LiquidCrystal.o
LiquidCrystal::createChar(unsigned char, unsigned char*) ./LiquidCrystal.o
LiquidCrystal::cursor()                           ./LiquidCrystal.o
LiquidCrystal::display()                          ./LiquidCrystal.o
LiquidCrystal::home()                             ./LiquidCrystal.o
LiquidCrystal::init(unsigned char, unsigned char, unsigned char, unsigned char, unsigned char, unsigned char, unsigned char, unsigned char, unsigned char, unsigned char, unsigned char, unsigned char) ./LiquidCrystal.o
LiquidCrystal::leftToRight()                      ./LiquidCrystal.o
LiquidCrystal::noAutoscroll()                     ./LiquidCrystal.o
LiquidCrystal::noBlink()                          ./LiquidCrystal.o
LiquidCrystal::noCursor()                         ./LiquidCrystal.o
LiquidCrystal::noDisplay()                        ./LiquidCrystal.o
LiquidCrystal::pulseEnable()                      ./LiquidCrystal.o
LiquidCrystal::rightToLeft()                      ./LiquidCrystal.o
LiquidCrystal::scrollDisplayLeft()                ./LiquidCrystal.o
LiquidCrystal::scrollDisplayRight()               ./LiquidCrystal.o
LiquidCrystal::send(unsigned char, unsigned char) ./LiquidCrystal.o
LiquidCrystal::setCursor(unsigned char, unsigned char) ./LiquidCrystal.o
                                                  ./LCD.o
LiquidCrystal::write(unsigned char)               ./LiquidCrystal.o
LiquidCrystal::write4bits(unsigned char)          ./LiquidCrystal.o
LiquidCrystal::write8bits(unsigned char)          ./LiquidCrystal.o
PDController::PDController()                      ./PDController.o
                                                  ./main.o
PDController::PDController()                      ./PDController.o
PDController::compute(double)                     ./PDController.o
                                                  ./main.o
PDController::setOutputLimits(double, double)     ./PDController.o
                                                  ./main.o
PDController::setTunings(double, double)          ./PDController.o
                                                  ./main.o
PDController_init()                               ./PDController.o
                                                  ./main.o
Print::print(Printable const&)                    ../../libCore/arduinoUno/libcore.a(Print.cpp.o)
Print::print(String const&)                       ../../libCore/arduinoUno/libcore.a(Print.cpp.o)
                                                  ./LCD.o
Print::print(__FlashStringHelper const*)          ../../libCore/arduinoUno/libcore.a(Print.cpp.o)
Print::print(char const*)                         ../../libCore/arduinoUno/libcore.a(Print.cpp.o)
                                                  ./main.o
                                                  ./LCD.o
Print::print(char)                                ../../libCore/arduinoUno/libcore.a(Print.cpp.o)
Print::print(double, int)                         ../../libCore/arduinoUno/libcore.a(Print.cpp.o)
                                                  ./main.o
Print::print(int, int)                            ../../libCore/arduinoUno/libcore.a(Print.cpp.o)
                                                  ./LCD.o
Print::print(long, int)                           ../../libCore/arduinoUno/libcore.a(Print.cpp.o)
Print::print(unsigned char, int)                  ../../libCore/arduinoUno/libcore.a(Print.cpp.o)
Print::print(unsigned int, int)                   ../../libCore/arduinoUno/libcore.a(Print.cpp.o)
Print::print(unsigned long, int)                  ../../libCore/arduinoUno/libcore.a(Print.cpp.o)
Print::printFloat(double, unsigned char)          ../../libCore/arduinoUno/libcore.a(Print.cpp.o)
Print::printNumber(unsigned long, unsigned char)  ../../libCore/arduinoUno/libcore.a(Print.cpp.o)
Print::println()                                  ../../libCore/arduinoUno/libcore.a(Print.cpp.o)
Print::println(Printable const&)                  ../../libCore/arduinoUno/libcore.a(Print.cpp.o)
Print::println(String const&)                     ../../libCore/arduinoUno/libcore.a(Print.cpp.o)
Print::println(__FlashStringHelper const*)        ../../libCore/arduinoUno/libcore.a(Print.cpp.o)
Print::println(char const*)                       ../../libCore/arduinoUno/libcore.a(Print.cpp.o)
                                                  ./main.o
Print::println(char)                              ../../libCore/arduinoUno/libcore.a(Print.cpp.o)
Print::println(double, int)                       ../../libCore/arduinoUno/libcore.a(Print.cpp.o)
                                                  ./main.o
Print::println(int, int)                          ../../libCore/arduinoUno/libcore.a(Print.cpp.o)
Print::println(long, int)                         ../../libCore/arduinoUno/libcore.a(Print.cpp.o)
Print::println(unsigned char, int)                ../../libCore/arduinoUno/libcore.a(Print.cpp.o)
Print::println(unsigned int, int)                 ../../libCore/arduinoUno/libcore.a(Print.cpp.o)
Print::println(unsigned long, int)                ../../libCore/arduinoUno/libcore.a(Print.cpp.o)
Print::write(char const*)                         ../../libCore/arduinoUno/libcore.a(Print.cpp.o)
Print::write(unsigned char const*, unsigned int)  ../../libCore/arduinoUno/libcore.a(Print.cpp.o)
                                                  ../../libCore/arduinoUno/libcore.a(HardwareSerial.cpp.o)
                                                  ./LiquidCrystal.o
Serial                                            ../../libCore/arduinoUno/libcore.a(HardwareSerial.cpp.o)
                                                  ./main.o
SoftPWMBegin(unsigned char)                       ./SoftPWM.o
                                                  ./DCMotor.o
SoftPWMEnd(signed char)                           ./SoftPWM.o
SoftPWMSet(signed char, unsigned char, unsigned char) ./SoftPWM.o
                                                  ./DCMotor.o
SoftPWMSetFadeTime(signed char, unsigned int, unsigned int) ./SoftPWM.o
SoftPWMSetPercent(signed char, unsigned char, unsigned char) ./SoftPWM.o
SoftPWMSetPolarity(signed char, unsigned char)    ./SoftPWM.o
StepperMotor::StepperMotor(unsigned char, unsigned char, unsigned char, unsigned char, unsigned char) ./StepperMotor.o
                                                  ./main.o
StepperMotor::StepperMotor(unsigned char, unsigned char, unsigned char, unsigned char, unsigned char) ./StepperMotor.o
StepperMotor::advanceFrame(int)                   ./StepperMotor.o
                                                  ./main.o
StepperMotor::reverseFrame(int)                   ./StepperMotor.o
                                                  ./main.o
String::String(String const&)                     ../../libCore/arduinoUno/libcore.a(WString.cpp.o)
String::String(String const&)                     ../../libCore/arduinoUno/libcore.a(WString.cpp.o)
String::String(char const*)                       ../../libCore/arduinoUno/libcore.a(WString.cpp.o)
                                                  ./main.o
String::String(char const*)                       ../../libCore/arduinoUno/libcore.a(WString.cpp.o)
String::String(char)                              ../../libCore/arduinoUno/libcore.a(WString.cpp.o)
String::String(char)                              ../../libCore/arduinoUno/libcore.a(WString.cpp.o)
String::String(int, unsigned char)                ../../libCore/arduinoUno/libcore.a(WString.cpp.o)
String::String(int, unsigned char)                ../../libCore/arduinoUno/libcore.a(WString.cpp.o)
String::String(long, unsigned char)               ../../libCore/arduinoUno/libcore.a(WString.cpp.o)
String::String(long, unsigned char)               ../../libCore/arduinoUno/libcore.a(WString.cpp.o)
String::String(unsigned char, unsigned char)      ../../libCore/arduinoUno/libcore.a(WString.cpp.o)
String::String(unsigned char, unsigned char)      ../../libCore/arduinoUno/libcore.a(WString.cpp.o)
String::String(unsigned int, unsigned char)       ../../libCore/arduinoUno/libcore.a(WString.cpp.o)
String::String(unsigned int, unsigned char)       ../../libCore/arduinoUno/libcore.a(WString.cpp.o)
String::String(unsigned long, unsigned char)      ../../libCore/arduinoUno/libcore.a(WString.cpp.o)
String::String(unsigned long, unsigned char)      ../../libCore/arduinoUno/libcore.a(WString.cpp.o)
String::changeBuffer(unsigned int)                ../../libCore/arduinoUno/libcore.a(WString.cpp.o)
String::charAt(unsigned int) const                ../../libCore/arduinoUno/libcore.a(WString.cpp.o)
String::compareTo(String const&) const            ../../libCore/arduinoUno/libcore.a(WString.cpp.o)
String::concat(String const&)                     ../../libCore/arduinoUno/libcore.a(WString.cpp.o)
String::concat(char const*)                       ../../libCore/arduinoUno/libcore.a(WString.cpp.o)
String::concat(char const*, unsigned int)         ../../libCore/arduinoUno/libcore.a(WString.cpp.o)
String::concat(char)                              ../../libCore/arduinoUno/libcore.a(WString.cpp.o)
String::concat(int)                               ../../libCore/arduinoUno/libcore.a(WString.cpp.o)
String::concat(long)                              ../../libCore/arduinoUno/libcore.a(WString.cpp.o)
String::concat(unsigned char)                     ../../libCore/arduinoUno/libcore.a(WString.cpp.o)
String::concat(unsigned int)                      ../../libCore/arduinoUno/libcore.a(WString.cpp.o)
String::concat(unsigned long)                     ../../libCore/arduinoUno/libcore.a(WString.cpp.o)
String::copy(char const*, unsigned int)           ../../libCore/arduinoUno/libcore.a(WString.cpp.o)
String::endsWith(String const&) const             ../../libCore/arduinoUno/libcore.a(WString.cpp.o)
String::equals(String const&) const               ../../libCore/arduinoUno/libcore.a(WString.cpp.o)
String::equals(char const*) const                 ../../libCore/arduinoUno/libcore.a(WString.cpp.o)
String::equalsIgnoreCase(String const&) const     ../../libCore/arduinoUno/libcore.a(WString.cpp.o)
String::getBytes(unsigned char*, unsigned int, unsigned int) const ../../libCore/arduinoUno/libcore.a(WString.cpp.o)
String::indexOf(String const&) const              ../../libCore/arduinoUno/libcore.a(WString.cpp.o)
String::indexOf(String const&, unsigned int) const ../../libCore/arduinoUno/libcore.a(WString.cpp.o)
String::indexOf(char) const                       ../../libCore/arduinoUno/libcore.a(WString.cpp.o)
String::indexOf(char, unsigned int) const         ../../libCore/arduinoUno/libcore.a(WString.cpp.o)
String::invalidate()                              ../../libCore/arduinoUno/libcore.a(WString.cpp.o)
String::lastIndexOf(String const&) const          ../../libCore/arduinoUno/libcore.a(WString.cpp.o)
String::lastIndexOf(String const&, unsigned int) const ../../libCore/arduinoUno/libcore.a(WString.cpp.o)
String::lastIndexOf(char) const                   ../../libCore/arduinoUno/libcore.a(WString.cpp.o)
String::lastIndexOf(char, unsigned int) const     ../../libCore/arduinoUno/libcore.a(WString.cpp.o)
String::operator<(String const&) const            ../../libCore/arduinoUno/libcore.a(WString.cpp.o)
String::operator<=(String const&) const           ../../libCore/arduinoUno/libcore.a(WString.cpp.o)
String::operator=(String const&)                  ../../libCore/arduinoUno/libcore.a(WString.cpp.o)
String::operator=(char const*)                    ../../libCore/arduinoUno/libcore.a(WString.cpp.o)
String::operator>(String const&) const            ../../libCore/arduinoUno/libcore.a(WString.cpp.o)
String::operator>=(String const&) const           ../../libCore/arduinoUno/libcore.a(WString.cpp.o)
String::operator[](unsigned int)                  ../../libCore/arduinoUno/libcore.a(WString.cpp.o)
String::operator[](unsigned int) const            ../../libCore/arduinoUno/libcore.a(WString.cpp.o)
                                                  ../../libCore/arduinoUno/libcore.a(Print.cpp.o)
String::replace(String const&, String const&)     ../../libCore/arduinoUno/libcore.a(WString.cpp.o)
String::replace(char, char)                       ../../libCore/arduinoUno/libcore.a(WString.cpp.o)
String::reserve(unsigned int)                     ../../libCore/arduinoUno/libcore.a(WString.cpp.o)
String::setCharAt(unsigned int, char)             ../../libCore/arduinoUno/libcore.a(WString.cpp.o)
String::startsWith(String const&) const           ../../libCore/arduinoUno/libcore.a(WString.cpp.o)
String::startsWith(String const&, unsigned int) const ../../libCore/arduinoUno/libcore.a(WString.cpp.o)
String::substring(unsigned int) const             ../../libCore/arduinoUno/libcore.a(WString.cpp.o)
String::substring(unsigned int, unsigned int) const ../../libCore/arduinoUno/libcore.a(WString.cpp.o)
String::toInt() const                             ../../libCore/arduinoUno/libcore.a(WString.cpp.o)
String::toLowerCase()                             ../../libCore/arduinoUno/libcore.a(WString.cpp.o)
String::toUpperCase()                             ../../libCore/arduinoUno/libcore.a(WString.cpp.o)
String::trim()                                    ../../libCore/arduinoUno/libcore.a(WString.cpp.o)
String::~String()                                 ../../libCore/arduinoUno/libcore.a(WString.cpp.o)
                                                  ./main.o
String::~String()                                 ../../libCore/arduinoUno/libcore.a(WString.cpp.o)
__addsf3                                          /usr/lib/gcc/avr/4.5.3/avr5/libgcc.a(_addsub_sf.o)
                                                  ../../libCore/arduinoUno/libcore.a(Print.cpp.o)
                                                  ./PDController.o
                                                  ./AccelStepper.o
__bad_interrupt                                   /usr/lib/gcc/avr/4.5.3/../../../avr/lib/avr5/crtm328p.o
__brkval                                          /usr/lib/gcc/avr/4.5.3/../../../avr/lib/avr5/libc.a(realloc.o)
                                                  /usr/lib/gcc/avr/4.5.3/../../../avr/lib/avr5/libc.a(malloc.o)
__bss_end                                         /usr/lib/gcc/avr/4.5.3/avr5/libgcc.a(_clear_bss.o)
__bss_start                                       /usr/lib/gcc/avr/4.5.3/avr5/libgcc.a(_clear_bss.o)
__clz_tab                                         /usr/lib/gcc/avr/4.5.3/avr5/libgcc.a(_clz.o)
                                                  /usr/lib/gcc/avr/4.5.3/avr5/libgcc.a(_clzsi2.o)
__clzsi2                                          /usr/lib/gcc/avr/4.5.3/avr5/libgcc.a(_clzsi2.o)
                                                  /usr/lib/gcc/avr/4.5.3/avr5/libgcc.a(_usi_to_sf.o)
                                                  /usr/lib/gcc/avr/4.5.3/avr5/libgcc.a(_si_to_sf.o)
__ctors_end                                       /usr/lib/gcc/avr/4.5.3/avr5/libgcc.a(_ctors.o)
__ctors_start                                     /usr/lib/gcc/avr/4.5.3/avr5/libgcc.a(_ctors.o)
__ctype_isfalse                                   /usr/lib/gcc/avr/4.5.3/../../../avr/lib/avr5/libc.a(cty_isfalse.o)
                                                  /usr/lib/gcc/avr/4.5.3/../../../avr/lib/avr5/libc.a(isspace.o)
__ctype_istrue                                    /usr/lib/gcc/avr/4.5.3/../../../avr/lib/avr5/libc.a(cty_isfalse.o)
__cxa_guard_abort                                 ../../libCore/arduinoUno/libcore.a(new.cpp.o)
__cxa_guard_acquire                               ../../libCore/arduinoUno/libcore.a(new.cpp.o)
__cxa_guard_release                               ../../libCore/arduinoUno/libcore.a(new.cpp.o)
__cxa_pure_virtual                                ../../libCore/arduinoUno/libcore.a(new.cpp.o)
                                                  ../../libCore/arduinoUno/libcore.a(HardwareSerial.cpp.o)
                                                  ../../libCore/arduinoUno/libcore.a(Print.cpp.o)
__data_end                                        /usr/lib/gcc/avr/4.5.3/avr5/libgcc.a(_copy_data.o)
__data_load_start                                 /usr/lib/gcc/avr/4.5.3/avr5/libgcc.a(_copy_data.o)